Archive member included because of file (symbol)

C:\Users\Lukas Ungerland\e2_studio\workspace\can_tool\synergy\ssp\src\framework\el\tx\cm4_gcc\libtx.a(txe_event_flags_create.o)
                              ./synergy/ssp/src/framework/sf_uart_comms/sf_uart_comms.o (_txe_event_flags_create)
C:\Users\Lukas Ungerland\e2_studio\workspace\can_tool\synergy\ssp\src\framework\el\tx\cm4_gcc\libtx.a(txe_event_flags_delete.o)
                              ./synergy/ssp/src/framework/sf_uart_comms/sf_uart_comms.o (_txe_event_flags_delete)
C:\Users\Lukas Ungerland\e2_studio\workspace\can_tool\synergy\ssp\src\framework\el\tx\cm4_gcc\libtx.a(txe_event_flags_get.o)
                              ./synergy/ssp/src/framework/sf_uart_comms/sf_uart_comms.o (_txe_event_flags_get)
C:\Users\Lukas Ungerland\e2_studio\workspace\can_tool\synergy\ssp\src\framework\el\tx\cm4_gcc\libtx.a(txe_event_flags_set.o)
                              ./synergy/ssp/src/framework/sf_uart_comms/sf_uart_comms.o (_txe_event_flags_set)
C:\Users\Lukas Ungerland\e2_studio\workspace\can_tool\synergy\ssp\src\framework\el\tx\cm4_gcc\libtx.a(txe_mutex_create.o)
                              ./synergy/ssp/src/framework/sf_uart_comms/sf_uart_comms.o (_txe_mutex_create)
C:\Users\Lukas Ungerland\e2_studio\workspace\can_tool\synergy\ssp\src\framework\el\tx\cm4_gcc\libtx.a(txe_mutex_delete.o)
                              ./synergy/ssp/src/framework/sf_uart_comms/sf_uart_comms.o (_txe_mutex_delete)
C:\Users\Lukas Ungerland\e2_studio\workspace\can_tool\synergy\ssp\src\framework\el\tx\cm4_gcc\libtx.a(txe_mutex_get.o)
                              ./synergy/ssp/src/framework/sf_uart_comms/sf_uart_comms.o (_txe_mutex_get)
C:\Users\Lukas Ungerland\e2_studio\workspace\can_tool\synergy\ssp\src\framework\el\tx\cm4_gcc\libtx.a(txe_mutex_put.o)
                              ./synergy/ssp/src/framework/sf_uart_comms/sf_uart_comms.o (_txe_mutex_put)
C:\Users\Lukas Ungerland\e2_studio\workspace\can_tool\synergy\ssp\src\framework\el\tx\cm4_gcc\libtx.a(txe_queue_create.o)
                              ./synergy/ssp/src/framework/sf_uart_comms/sf_uart_comms.o (_txe_queue_create)
C:\Users\Lukas Ungerland\e2_studio\workspace\can_tool\synergy\ssp\src\framework\el\tx\cm4_gcc\libtx.a(txe_queue_delete.o)
                              ./synergy/ssp/src/framework/sf_uart_comms/sf_uart_comms.o (_txe_queue_delete)
C:\Users\Lukas Ungerland\e2_studio\workspace\can_tool\synergy\ssp\src\framework\el\tx\cm4_gcc\libtx.a(txe_queue_receive.o)
                              ./synergy/ssp/src/framework/sf_uart_comms/sf_uart_comms.o (_txe_queue_receive)
C:\Users\Lukas Ungerland\e2_studio\workspace\can_tool\synergy\ssp\src\framework\el\tx\cm4_gcc\libtx.a(txe_queue_send.o)
                              ./synergy/ssp/src/framework/sf_uart_comms/sf_uart_comms.o (_txe_queue_send)
C:\Users\Lukas Ungerland\e2_studio\workspace\can_tool\synergy\ssp\src\framework\el\tx\cm4_gcc\libtx.a(txe_semaphore_create.o)
                              ./src/synergy_gen/main.o (_txe_semaphore_create)
C:\Users\Lukas Ungerland\e2_studio\workspace\can_tool\synergy\ssp\src\framework\el\tx\cm4_gcc\libtx.a(txe_semaphore_get.o)
                              ./src/synergy_gen/can_transmitter.o (_txe_semaphore_get)
C:\Users\Lukas Ungerland\e2_studio\workspace\can_tool\synergy\ssp\src\framework\el\tx\cm4_gcc\libtx.a(txe_semaphore_put.o)
                              ./src/synergy_gen/can_transmitter.o (_txe_semaphore_put)
C:\Users\Lukas Ungerland\e2_studio\workspace\can_tool\synergy\ssp\src\framework\el\tx\cm4_gcc\libtx.a(txe_thread_create.o)
                              ./src/synergy_gen/can_transmitter.o (_txe_thread_create)
C:\Users\Lukas Ungerland\e2_studio\workspace\can_tool\synergy\ssp\src\framework\el\tx\cm4_gcc\libtx.a(tx_event_flags_create.o)
                              C:\Users\Lukas Ungerland\e2_studio\workspace\can_tool\synergy\ssp\src\framework\el\tx\cm4_gcc\libtx.a(txe_event_flags_create.o) (_tx_event_flags_create)
C:\Users\Lukas Ungerland\e2_studio\workspace\can_tool\synergy\ssp\src\framework\el\tx\cm4_gcc\libtx.a(tx_event_flags_delete.o)
                              C:\Users\Lukas Ungerland\e2_studio\workspace\can_tool\synergy\ssp\src\framework\el\tx\cm4_gcc\libtx.a(txe_event_flags_delete.o) (_tx_event_flags_delete)
C:\Users\Lukas Ungerland\e2_studio\workspace\can_tool\synergy\ssp\src\framework\el\tx\cm4_gcc\libtx.a(tx_event_flags_get.o)
                              C:\Users\Lukas Ungerland\e2_studio\workspace\can_tool\synergy\ssp\src\framework\el\tx\cm4_gcc\libtx.a(txe_event_flags_get.o) (_tx_event_flags_get)
C:\Users\Lukas Ungerland\e2_studio\workspace\can_tool\synergy\ssp\src\framework\el\tx\cm4_gcc\libtx.a(tx_event_flags_set.o)
                              C:\Users\Lukas Ungerland\e2_studio\workspace\can_tool\synergy\ssp\src\framework\el\tx\cm4_gcc\libtx.a(txe_event_flags_set.o) (_tx_event_flags_set)
[...]
Memory Configuration

Name             Origin             Length             Attributes
FLASH            0x00000000         0x00400000         xr
RAM              0x1ffe0000         0x000a0000         xrw
DATA_FLASH       0x40100000         0x00010000         xr
QSPI_FLASH       0x60000000         0x04000000         xr
SDRAM            0x90000000         0x02000000         xrw
*default*        0x00000000         0xffffffff

Linker script and memory map

LOAD c:/program files (x86)/gnu tools arm embedded/4.9 2015q3/bin/../lib/gcc/arm-none-eabi/4.9.3/armv7e-m/fpu/crti.o
LOAD c:/program files (x86)/gnu tools arm embedded/4.9 2015q3/bin/../lib/gcc/arm-none-eabi/4.9.3/armv7e-m/fpu/crtbegin.o
LOAD c:/program files (x86)/gnu tools arm embedded/4.9 2015q3/bin/../lib/gcc/arm-none-eabi/4.9.3/../../../../arm-none-eabi/lib/armv7e-m/fpu/rdimon-crt0.o
START GROUP
LOAD ./synergy/ssp/src/framework/sf_uart_comms/sf_uart_comms.o
LOAD ./synergy/ssp/src/driver/r_sci_uart/r_sci_uart.o
LOAD ./synergy/ssp/src/driver/r_ioport/r_ioport.o
LOAD ./synergy/ssp/src/driver/r_fmi/r_fmi.o
LOAD ./synergy/ssp/src/driver/r_elc/r_elc.o
LOAD ./synergy/ssp/src/driver/r_dtc/r_dtc.o
LOAD ./synergy/ssp/src/driver/r_cgc/hw/hw_cgc.o
LOAD ./synergy/ssp/src/driver/r_cgc/r_cgc.o
LOAD ./synergy/ssp/src/driver/r_can/hw/hw_can.o
LOAD ./synergy/ssp/src/driver/r_can/r_can.o
LOAD ./synergy/ssp/src/bsp/mcu/s7g2/bsp_cache.o
LOAD ./synergy/ssp/src/bsp/mcu/s7g2/bsp_clocks.o
LOAD ./synergy/ssp/src/bsp/mcu/s7g2/bsp_feature.o
LOAD ./synergy/ssp/src/bsp/mcu/s7g2/bsp_fmi_R7FS7G27H3A01CFC.o
LOAD ./synergy/ssp/src/bsp/mcu/s7g2/bsp_group_irq.o
LOAD ./synergy/ssp/src/bsp/mcu/s7g2/bsp_hw_locks.o
LOAD ./synergy/ssp/src/bsp/mcu/s7g2/bsp_module_stop.o
LOAD ./synergy/ssp/src/bsp/mcu/s7g2/bsp_rom_registers.o
LOAD ./synergy/ssp/src/bsp/mcu/all/bsp_common.o
LOAD ./synergy/ssp/src/bsp/mcu/all/bsp_common_leds.o
LOAD ./synergy/ssp/src/bsp/mcu/all/bsp_delay.o
LOAD ./synergy/ssp/src/bsp/mcu/all/bsp_irq.o
LOAD ./synergy/ssp/src/bsp/mcu/all/bsp_locking.o
LOAD ./synergy/ssp/src/bsp/mcu/all/bsp_register_protection.o
LOAD ./synergy/ssp/src/bsp/mcu/all/bsp_sbrk.o
LOAD ./synergy/ssp/src/bsp/cmsis/Device/RENESAS/S7G2/Source/startup_S7G2.o
LOAD ./synergy/ssp/src/bsp/cmsis/Device/RENESAS/S7G2/Source/system_S7G2.o
LOAD ./synergy/board/s7g2_sk/bsp_init.o
LOAD ./synergy/board/s7g2_sk/bsp_leds.o
LOAD ./synergy/board/s7g2_sk/bsp_qspi.o
LOAD ./src/synergy_gen/can_transmitter.o
LOAD ./src/synergy_gen/common_data.o
LOAD ./src/synergy_gen/hal_data.o
LOAD ./src/synergy_gen/main.o
LOAD ./src/synergy_gen/pin_data.o
LOAD ./src/synergy_gen/uart_receiver.o
LOAD ./src/can_config.o
LOAD ./src/can_transmitter_entry.o
LOAD ./src/hal_entry.o
LOAD ./src/uart_receiver_entry.o
LOAD C:\Users\Lukas Ungerland\e2_studio\workspace\can_tool\synergy\ssp\src\bsp\cmsis\DSP_Lib\cm4_gcc\libDSP_Lib.a
LOAD C:\Users\Lukas Ungerland\e2_studio\workspace\can_tool\synergy\ssp\src\framework\el\tx\cm4_gcc\libtx.a
END GROUP
START GROUP
LOAD c:/program files (x86)/gnu tools arm embedded/4.9 2015q3/bin/../lib/gcc/arm-none-eabi/4.9.3/armv7e-m/fpu\libgcc.a
LOAD c:/program files (x86)/gnu tools arm embedded/4.9 2015q3/bin/../lib/gcc/arm-none-eabi/4.9.3/../../../../arm-none-eabi/lib/armv7e-m/fpu\libg_nano.a
LOAD c:/program files (x86)/gnu tools arm embedded/4.9 2015q3/bin/../lib/gcc/arm-none-eabi/4.9.3/../../../../arm-none-eabi/lib/armv7e-m/fpu\libc_nano.a
END GROUP
START GROUP
LOAD c:/program files (x86)/gnu tools arm embedded/4.9 2015q3/bin/../lib/gcc/arm-none-eabi/4.9.3/armv7e-m/fpu\libgcc.a
LOAD c:/program files (x86)/gnu tools arm embedded/4.9 2015q3/bin/../lib/gcc/arm-none-eabi/4.9.3/../../../../arm-none-eabi/lib/armv7e-m/fpu\libc_nano.a
LOAD c:/program files (x86)/gnu tools arm embedded/4.9 2015q3/bin/../lib/gcc/arm-none-eabi/4.9.3/../../../../arm-none-eabi/lib/armv7e-m/fpu\librdimon_nano.a
END GROUP
START GROUP
LOAD c:/program files (x86)/gnu tools arm embedded/4.9 2015q3/bin/../lib/gcc/arm-none-eabi/4.9.3/armv7e-m/fpu\libgcc.a
LOAD c:/program files (x86)/gnu tools arm embedded/4.9 2015q3/bin/../lib/gcc/arm-none-eabi/4.9.3/../../../../arm-none-eabi/lib/armv7e-m/fpu\libc_nano.a
LOAD c:/program files (x86)/gnu tools arm embedded/4.9 2015q3/bin/../lib/gcc/arm-none-eabi/4.9.3/../../../../arm-none-eabi/lib/armv7e-m/fpu\librdimon_nano.a
END GROUP
LOAD c:/program files (x86)/gnu tools arm embedded/4.9 2015q3/bin/../lib/gcc/arm-none-eabi/4.9.3/armv7e-m/fpu/crtend.o
LOAD c:/program files (x86)/gnu tools arm embedded/4.9 2015q3/bin/../lib/gcc/arm-none-eabi/4.9.3/armv7e-m/fpu/crtn.o
START GROUP
LOAD c:/program files (x86)/gnu tools arm embedded/4.9 2015q3/bin/../lib/gcc/arm-none-eabi/4.9.3/armv7e-m/fpu\libgcc.a
LOAD c:/program files (x86)/gnu tools arm embedded/4.9 2015q3/bin/../lib/gcc/arm-none-eabi/4.9.3/../../../../arm-none-eabi/lib/armv7e-m/fpu\libc.a
LOAD c:/program files (x86)/gnu tools arm embedded/4.9 2015q3/bin/../lib/gcc/arm-none-eabi/4.9.3/../../../../arm-none-eabi/lib/armv7e-m/fpu\libm.a
LOAD c:/program files (x86)/gnu tools arm embedded/4.9 2015q3/bin/../lib/gcc/arm-none-eabi/4.9.3/../../../../arm-none-eabi/lib/armv7e-m/fpu\libnosys.a
END GROUP

.text           0x00000000     0x9c60
                0x00000000                __ROM_Start = .
 *(.vectors)
 .vectors       0x00000000       0x40 ./synergy/ssp/src/bsp/cmsis/Device/RENESAS/S7G2/Source/startup_S7G2.o
                0x00000000                __Vectors
 *(SORT(.vector.*))
 .vector.CAN_0_ERROR
                0x00000040        0x4 ./src/synergy_gen/can_transmitter.o
                0x00000040                g_vector_CAN_0_ERROR
 .vector.CAN_0_MAILBOX_RX
                0x00000044        0x4 ./src/synergy_gen/can_transmitter.o
                0x00000044                g_vector_CAN_0_MAILBOX_RX
 .vector.CAN_0_MAILBOX_TX
                0x00000048        0x4 ./src/synergy_gen/can_transmitter.o
                0x00000048                g_vector_CAN_0_MAILBOX_TX
 .vector.SCI_0_ERI
                0x0000004c        0x4 ./src/synergy_gen/uart_receiver.o
                0x0000004c                g_vector_SCI_0_ERI
 .vector.SCI_0_RXI
                0x00000050        0x4 ./src/synergy_gen/uart_receiver.o
                0x00000050                g_vector_SCI_0_RXI
 .vector.SCI_0_TEI
                0x00000054        0x4 ./src/synergy_gen/uart_receiver.o
                0x00000054                g_vector_SCI_0_TEI
 .vector.SCI_0_TXI
                0x00000058        0x4 ./src/synergy_gen/uart_receiver.o
                0x00000058                g_vector_SCI_0_TXI
                0x0000005c                __Vectors_End = .
                0x0000005c                __end__ = .
                0x00000400                . = (__ROM_Start + 0x400)
 *fill*         0x0000005c      0x3a4 ff
 *(.rom_registers*)
 .rom_registers
                0x00000400       0x3c ./synergy/ssp/src/bsp/mcu/s7g2/bsp_rom_registers.o
                0x00000500                . = (__ROM_Start + 0x500)
 *fill*         0x0000043c       0xc4 ff
                0x00000500                __Vector_Info_Start = .
 *(SORT(.vector_info.*))
 .vector_info.CAN_0_ERROR
                0x00000500        0x8 ./src/synergy_gen/can_transmitter.o
                0x00000500                g_vector_info_CAN_0_ERROR
 .vector_info.CAN_0_MAILBOX_RX
                0x00000508        0x8 ./src/synergy_gen/can_transmitter.o
                0x00000508                g_vector_info_CAN_0_MAILBOX_RX
 .vector_info.CAN_0_MAILBOX_TX
                0x00000510        0x8 ./src/synergy_gen/can_transmitter.o
                0x00000510                g_vector_info_CAN_0_MAILBOX_TX
 .vector_info.SCI_0_ERI
                0x00000518        0x8 ./src/synergy_gen/uart_receiver.o
                0x00000518                g_vector_info_SCI_0_ERI
 .vector_info.SCI_0_RXI
                0x00000520        0x8 ./src/synergy_gen/uart_receiver.o
                0x00000520                g_vector_info_SCI_0_RXI
 .vector_info.SCI_0_TEI
                0x00000528        0x8 ./src/synergy_gen/uart_receiver.o
                0x00000528                g_vector_info_SCI_0_TEI
 .vector_info.SCI_0_TXI
                0x00000530        0x8 ./src/synergy_gen/uart_receiver.o
                0x00000530                g_vector_info_SCI_0_TXI
                0x00000538                __Vector_Info_End = .
                0x00000538                __Lock_Lookup_Start = .
 *(SORT(.hw_lock_lookup.*))
 .hw_lock_lookup.ADC_0U_0U
                0x00000538        0x4 ./synergy/ssp/src/bsp/mcu/s7g2/bsp_hw_locks.o
                0x00000538                g_lock_lookup_ADC_0U_0U
 .hw_lock_lookup.ADC_0U_1U
                0x0000053c        0x4 ./synergy/ssp/src/bsp/mcu/s7g2/bsp_hw_locks.o
                0x0000053c                g_lock_lookup_ADC_0U_1U
 .hw_lock_lookup.AGT_0U_0U
                0x00000540        0x4 ./synergy/ssp/src/bsp/mcu/s7g2/bsp_hw_locks.o
                0x00000540                g_lock_lookup_AGT_0U_0U
 .hw_lock_lookup.AGT_0U_1U
                0x00000544        0x4 ./synergy/ssp/src/bsp/mcu/s7g2/bsp_hw_locks.o
                0x00000544                g_lock_lookup_AGT_0U_1U
 .hw_lock_lookup.BSC_0U_1U
                0x00000548        0x4 ./synergy/ssp/src/bsp/mcu/s7g2/bsp_hw_locks.o
                0x00000548                g_lock_lookup_BSC_0U_1U
 .hw_lock_lookup.CAC_0U_0U
                0x0000054c        0x4 ./synergy/ssp/src/bsp/mcu/s7g2/bsp_hw_locks.o
                0x0000054c                g_lock_lookup_CAC_0U_0U
 .hw_lock_lookup.CAN_0U_0U
                0x00000550        0x4 ./synergy/ssp/src/bsp/mcu/s7g2/bsp_hw_locks.o
                0x00000550                g_lock_lookup_CAN_0U_0U
 .hw_lock_lookup.CAN_0U_1U
                0x00000554        0x4 ./synergy/ssp/src/bsp/mcu/s7g2/bsp_hw_locks.o
                0x00000554                g_lock_lookup_CAN_0U_1U
 .hw_lock_lookup.COMP_HS_0U_0U
                0x00000558        0x4 ./synergy/ssp/src/bsp/mcu/s7g2/bsp_hw_locks.o
                0x00000558                g_lock_lookup_COMP_HS_0U_0U
 .hw_lock_lookup.COMP_HS_0U_1U
                0x0000055c        0x4 ./synergy/ssp/src/bsp/mcu/s7g2/bsp_hw_locks.o
                0x0000055c                g_lock_lookup_COMP_HS_0U_1U
 .hw_lock_lookup.COMP_HS_0U_2U
                0x00000560        0x4 ./synergy/ssp/src/bsp/mcu/s7g2/bsp_hw_locks.o
                0x00000560                g_lock_lookup_COMP_HS_0U_2U
 .hw_lock_lookup.COMP_HS_0U_3U
                0x00000564        0x4 ./synergy/ssp/src/bsp/mcu/s7g2/bsp_hw_locks.o
                0x00000564                g_lock_lookup_COMP_HS_0U_3U
 .hw_lock_lookup.COMP_HS_0U_4U
                0x00000568        0x4 ./synergy/ssp/src/bsp/mcu/s7g2/bsp_hw_locks.o
                0x00000568                g_lock_lookup_COMP_HS_0U_4U
 .hw_lock_lookup.COMP_HS_0U_5U
                0x0000056c        0x4 ./synergy/ssp/src/bsp/mcu/s7g2/bsp_hw_locks.o
                0x0000056c                g_lock_lookup_COMP_HS_0U_5U
 .hw_lock_lookup.CRC_0U_0U
                0x00000570        0x4 ./synergy/ssp/src/bsp/mcu/s7g2/bsp_hw_locks.o
                0x00000570                g_lock_lookup_CRC_0U_0U
 .hw_lock_lookup.CTSU_0U_0U
                0x00000574        0x4 ./synergy/ssp/src/bsp/mcu/s7g2/bsp_hw_locks.o
                0x00000574                g_lock_lookup_CTSU_0U_0U
 .hw_lock_lookup.DAAD_0U_0U
                0x00000578        0x4 ./synergy/ssp/src/bsp/mcu/s7g2/bsp_hw_locks.o
                0x00000578                g_lock_lookup_DAAD_0U_0U
 .hw_lock_lookup.DAC_0U_0U
                0x0000057c        0x4 ./synergy/ssp/src/bsp/mcu/s7g2/bsp_hw_locks.o
                0x0000057c                g_lock_lookup_DAC_0U_0U
 .hw_lock_lookup.DAC_0U_1U
                0x00000580        0x4 ./synergy/ssp/src/bsp/mcu/s7g2/bsp_hw_locks.o
                0x00000580                g_lock_lookup_DAC_0U_1U
 .hw_lock_lookup.DMAC_0U_0U
                0x00000584        0x4 ./synergy/ssp/src/bsp/mcu/s7g2/bsp_hw_locks.o
                0x00000584                g_lock_lookup_DMAC_0U_0U
 .hw_lock_lookup.DMAC_0U_1U
                0x00000588        0x4 ./synergy/ssp/src/bsp/mcu/s7g2/bsp_hw_locks.o
                0x00000588                g_lock_lookup_DMAC_0U_1U
 .hw_lock_lookup.DMAC_0U_2U
                0x0000058c        0x4 ./synergy/ssp/src/bsp/mcu/s7g2/bsp_hw_locks.o
                0x0000058c                g_lock_lookup_DMAC_0U_2U
 .hw_lock_lookup.DMAC_0U_3U
                0x00000590        0x4 ./synergy/ssp/src/bsp/mcu/s7g2/bsp_hw_locks.o
                0x00000590                g_lock_lookup_DMAC_0U_3U
 .hw_lock_lookup.DMAC_0U_4U
                0x00000594        0x4 ./synergy/ssp/src/bsp/mcu/s7g2/bsp_hw_locks.o
                0x00000594                g_lock_lookup_DMAC_0U_4U
 .hw_lock_lookup.DMAC_0U_5U
                0x00000598        0x4 ./synergy/ssp/src/bsp/mcu/s7g2/bsp_hw_locks.o
                0x00000598                g_lock_lookup_DMAC_0U_5U
 .hw_lock_lookup.DMAC_0U_6U
                0x0000059c        0x4 ./synergy/ssp/src/bsp/mcu/s7g2/bsp_hw_locks.o
                0x0000059c                g_lock_lookup_DMAC_0U_6U
 .hw_lock_lookup.DMAC_0U_7U
                0x000005a0        0x4 ./synergy/ssp/src/bsp/mcu/s7g2/bsp_hw_locks.o
                0x000005a0                g_lock_lookup_DMAC_0U_7U
 .hw_lock_lookup.DOC_0U_0U
                0x000005a4        0x4 ./synergy/ssp/src/bsp/mcu/s7g2/bsp_hw_locks.o
                0x000005a4                g_lock_lookup_DOC_0U_0U
 .hw_lock_lookup.DRW_0U_0U
                0x000005a8        0x4 ./synergy/ssp/src/bsp/mcu/s7g2/bsp_hw_locks.o
                0x000005a8                g_lock_lookup_DRW_0U_0U
 .hw_lock_lookup.DTC_0U_0U
                0x000005ac        0x4 ./synergy/ssp/src/bsp/mcu/s7g2/bsp_hw_locks.o
                0x000005ac                g_lock_lookup_DTC_0U_0U
 .hw_lock_lookup.ELC_0U_0U
                0x000005b0        0x4 ./synergy/ssp/src/bsp/mcu/s7g2/bsp_hw_locks.o
                0x000005b0                g_lock_lookup_ELC_0U_0U
 .hw_lock_lookup.EPTPC_0U_0U
                0x000005b4        0x4 ./synergy/ssp/src/bsp/mcu/s7g2/bsp_hw_locks.o
                0x000005b4                g_lock_lookup_EPTPC_0U_0U
 .hw_lock_lookup.ETHER_0U_0U
                0x000005b8        0x4 ./synergy/ssp/src/bsp/mcu/s7g2/bsp_hw_locks.o
                0x000005b8                g_lock_lookup_ETHER_0U_0U
 .hw_lock_lookup.ETHER_0U_1U
                0x000005bc        0x4 ./synergy/ssp/src/bsp/mcu/s7g2/bsp_hw_locks.o
                0x000005bc                g_lock_lookup_ETHER_0U_1U
 .hw_lock_lookup.FCU_0U_0U
                0x000005c0        0x4 ./synergy/ssp/src/bsp/mcu/s7g2/bsp_hw_locks.o
                0x000005c0                g_lock_lookup_FCU_0U_0U
 .hw_lock_lookup.GLCDC_0U_0U
                0x000005c4        0x4 ./synergy/ssp/src/bsp/mcu/s7g2/bsp_hw_locks.o
                0x000005c4                g_lock_lookup_GLCDC_0U_0U
 .hw_lock_lookup.GPT_0U_0U
                0x000005c8        0x4 ./synergy/ssp/src/bsp/mcu/s7g2/bsp_hw_locks.o
                0x000005c8                g_lock_lookup_GPT_0U_0U
 .hw_lock_lookup.GPT_0U_10U
                0x000005cc        0x4 ./synergy/ssp/src/bsp/mcu/s7g2/bsp_hw_locks.o
                0x000005cc                g_lock_lookup_GPT_0U_10U
 .hw_lock_lookup.GPT_0U_11U
                0x000005d0        0x4 ./synergy/ssp/src/bsp/mcu/s7g2/bsp_hw_locks.o
                0x000005d0                g_lock_lookup_GPT_0U_11U
 .hw_lock_lookup.GPT_0U_12U
                0x000005d4        0x4 ./synergy/ssp/src/bsp/mcu/s7g2/bsp_hw_locks.o
                0x000005d4                g_lock_lookup_GPT_0U_12U
 .hw_lock_lookup.GPT_0U_13U
                0x000005d8        0x4 ./synergy/ssp/src/bsp/mcu/s7g2/bsp_hw_locks.o
                0x000005d8                g_lock_lookup_GPT_0U_13U
 .hw_lock_lookup.GPT_0U_1U
                0x000005dc        0x4 ./synergy/ssp/src/bsp/mcu/s7g2/bsp_hw_locks.o
                0x000005dc                g_lock_lookup_GPT_0U_1U
 .hw_lock_lookup.GPT_0U_2U
                0x000005e0        0x4 ./synergy/ssp/src/bsp/mcu/s7g2/bsp_hw_locks.o
                0x000005e0                g_lock_lookup_GPT_0U_2U
 .hw_lock_lookup.GPT_0U_3U
                0x000005e4        0x4 ./synergy/ssp/src/bsp/mcu/s7g2/bsp_hw_locks.o
                0x000005e4                g_lock_lookup_GPT_0U_3U
 .hw_lock_lookup.GPT_0U_4U
                0x000005e8        0x4 ./synergy/ssp/src/bsp/mcu/s7g2/bsp_hw_locks.o
                0x000005e8                g_lock_lookup_GPT_0U_4U
 .hw_lock_lookup.GPT_0U_5U
                0x000005ec        0x4 ./synergy/ssp/src/bsp/mcu/s7g2/bsp_hw_locks.o
                0x000005ec                g_lock_lookup_GPT_0U_5U
 .hw_lock_lookup.GPT_0U_6U
                0x000005f0        0x4 ./synergy/ssp/src/bsp/mcu/s7g2/bsp_hw_locks.o
                0x000005f0                g_lock_lookup_GPT_0U_6U
 .hw_lock_lookup.GPT_0U_7U
                0x000005f4        0x4 ./synergy/ssp/src/bsp/mcu/s7g2/bsp_hw_locks.o
                0x000005f4                g_lock_lookup_GPT_0U_7U
 .hw_lock_lookup.GPT_0U_8U
                0x000005f8        0x4 ./synergy/ssp/src/bsp/mcu/s7g2/bsp_hw_locks.o
                0x000005f8                g_lock_lookup_GPT_0U_8U
 .hw_lock_lookup.GPT_0U_9U
                0x000005fc        0x4 ./synergy/ssp/src/bsp/mcu/s7g2/bsp_hw_locks.o
                0x000005fc                g_lock_lookup_GPT_0U_9U
 .hw_lock_lookup.ICU_0U_0U
                0x00000600        0x4 ./synergy/ssp/src/bsp/mcu/s7g2/bsp_hw_locks.o
                0x00000600                g_lock_lookup_ICU_0U_0U
 .hw_lock_lookup.ICU_0U_10U
                0x00000604        0x4 ./synergy/ssp/src/bsp/mcu/s7g2/bsp_hw_locks.o
                0x00000604                g_lock_lookup_ICU_0U_10U
 .hw_lock_lookup.ICU_0U_11U
                0x00000608        0x4 ./synergy/ssp/src/bsp/mcu/s7g2/bsp_hw_locks.o
                0x00000608                g_lock_lookup_ICU_0U_11U
 .hw_lock_lookup.ICU_0U_12U
                0x0000060c        0x4 ./synergy/ssp/src/bsp/mcu/s7g2/bsp_hw_locks.o
                0x0000060c                g_lock_lookup_ICU_0U_12U
 .hw_lock_lookup.ICU_0U_13U
                0x00000610        0x4 ./synergy/ssp/src/bsp/mcu/s7g2/bsp_hw_locks.o
                0x00000610                g_lock_lookup_ICU_0U_13U
 .hw_lock_lookup.ICU_0U_14U
                0x00000614        0x4 ./synergy/ssp/src/bsp/mcu/s7g2/bsp_hw_locks.o
                0x00000614                g_lock_lookup_ICU_0U_14U
 .hw_lock_lookup.ICU_0U_15U
                0x00000618        0x4 ./synergy/ssp/src/bsp/mcu/s7g2/bsp_hw_locks.o
                0x00000618                g_lock_lookup_ICU_0U_15U
 .hw_lock_lookup.ICU_0U_1U
                0x0000061c        0x4 ./synergy/ssp/src/bsp/mcu/s7g2/bsp_hw_locks.o
                0x0000061c                g_lock_lookup_ICU_0U_1U
 .hw_lock_lookup.ICU_0U_2U
                0x00000620        0x4 ./synergy/ssp/src/bsp/mcu/s7g2/bsp_hw_locks.o
                0x00000620                g_lock_lookup_ICU_0U_2U
 .hw_lock_lookup.ICU_0U_3U
                0x00000624        0x4 ./synergy/ssp/src/bsp/mcu/s7g2/bsp_hw_locks.o
                0x00000624                g_lock_lookup_ICU_0U_3U
 .hw_lock_lookup.ICU_0U_4U
                0x00000628        0x4 ./synergy/ssp/src/bsp/mcu/s7g2/bsp_hw_locks.o
                0x00000628                g_lock_lookup_ICU_0U_4U
 .hw_lock_lookup.ICU_0U_5U
                0x0000062c        0x4 ./synergy/ssp/src/bsp/mcu/s7g2/bsp_hw_locks.o
                0x0000062c                g_lock_lookup_ICU_0U_5U
 .hw_lock_lookup.ICU_0U_6U
                0x00000630        0x4 ./synergy/ssp/src/bsp/mcu/s7g2/bsp_hw_locks.o
                0x00000630                g_lock_lookup_ICU_0U_6U
 .hw_lock_lookup.ICU_0U_7U
                0x00000634        0x4 ./synergy/ssp/src/bsp/mcu/s7g2/bsp_hw_locks.o
                0x00000634                g_lock_lookup_ICU_0U_7U
 .hw_lock_lookup.ICU_0U_8U
                0x00000638        0x4 ./synergy/ssp/src/bsp/mcu/s7g2/bsp_hw_locks.o
                0x00000638                g_lock_lookup_ICU_0U_8U
 .hw_lock_lookup.ICU_0U_9U
                0x0000063c        0x4 ./synergy/ssp/src/bsp/mcu/s7g2/bsp_hw_locks.o
                0x0000063c                g_lock_lookup_ICU_0U_9U
 .hw_lock_lookup.IIC_0U_0U
                0x00000640        0x4 ./synergy/ssp/src/bsp/mcu/s7g2/bsp_hw_locks.o
                0x00000640                g_lock_lookup_IIC_0U_0U
 .hw_lock_lookup.IIC_0U_1U
                0x00000644        0x4 ./synergy/ssp/src/bsp/mcu/s7g2/bsp_hw_locks.o
                0x00000644                g_lock_lookup_IIC_0U_1U
 .hw_lock_lookup.IIC_0U_2U
                0x00000648        0x4 ./synergy/ssp/src/bsp/mcu/s7g2/bsp_hw_locks.o
                0x00000648                g_lock_lookup_IIC_0U_2U
 .hw_lock_lookup.IRDA_0U_0U
                0x0000064c        0x4 ./synergy/ssp/src/bsp/mcu/s7g2/bsp_hw_locks.o
                0x0000064c                g_lock_lookup_IRDA_0U_0U
 .hw_lock_lookup.IWDT_0U_0U
                0x00000650        0x4 ./synergy/ssp/src/bsp/mcu/s7g2/bsp_hw_locks.o
                0x00000650                g_lock_lookup_IWDT_0U_0U
 .hw_lock_lookup.JPEG_0U_0U
                0x00000654        0x4 ./synergy/ssp/src/bsp/mcu/s7g2/bsp_hw_locks.o
                0x00000654                g_lock_lookup_JPEG_0U_0U
 .hw_lock_lookup.KEY_0U_0U
                0x00000658        0x4 ./synergy/ssp/src/bsp/mcu/s7g2/bsp_hw_locks.o
                0x00000658                g_lock_lookup_KEY_0U_0U
 .hw_lock_lookup.LPM_1U_0U
                0x0000065c        0x4 ./synergy/ssp/src/bsp/mcu/s7g2/bsp_hw_locks.o
                0x0000065c                g_lock_lookup_LPM_1U_0U
 .hw_lock_lookup.LVD_0U_0U
                0x00000660        0x4 ./synergy/ssp/src/bsp/mcu/s7g2/bsp_hw_locks.o
                0x00000660                g_lock_lookup_LVD_0U_0U
 .hw_lock_lookup.LVD_0U_1U
                0x00000664        0x4 ./synergy/ssp/src/bsp/mcu/s7g2/bsp_hw_locks.o
                0x00000664                g_lock_lookup_LVD_0U_1U
 .hw_lock_lookup.MMF_0U_0U
                0x00000668        0x4 ./synergy/ssp/src/bsp/mcu/s7g2/bsp_hw_locks.o
                0x00000668                g_lock_lookup_MMF_0U_0U
 .hw_lock_lookup.MPU_0U_0U
                0x0000066c        0x4 ./synergy/ssp/src/bsp/mcu/s7g2/bsp_hw_locks.o
                0x0000066c                g_lock_lookup_MPU_0U_0U
 .hw_lock_lookup.OPS_0U_0U
                0x00000670        0x4 ./synergy/ssp/src/bsp/mcu/s7g2/bsp_hw_locks.o
                0x00000670                g_lock_lookup_OPS_0U_0U
 .hw_lock_lookup.PDC_0U_0U
                0x00000674        0x4 ./synergy/ssp/src/bsp/mcu/s7g2/bsp_hw_locks.o
                0x00000674                g_lock_lookup_PDC_0U_0U
 .hw_lock_lookup.POEG_0U_0U
                0x00000678        0x4 ./synergy/ssp/src/bsp/mcu/s7g2/bsp_hw_locks.o
                0x00000678                g_lock_lookup_POEG_0U_0U
 .hw_lock_lookup.POEG_0U_1U
                0x0000067c        0x4 ./synergy/ssp/src/bsp/mcu/s7g2/bsp_hw_locks.o
                0x0000067c                g_lock_lookup_POEG_0U_1U
 .hw_lock_lookup.POEG_0U_2U
                0x00000680        0x4 ./synergy/ssp/src/bsp/mcu/s7g2/bsp_hw_locks.o
                0x00000680                g_lock_lookup_POEG_0U_2U
 .hw_lock_lookup.POEG_0U_3U
                0x00000684        0x4 ./synergy/ssp/src/bsp/mcu/s7g2/bsp_hw_locks.o
                0x00000684                g_lock_lookup_POEG_0U_3U
 .hw_lock_lookup.QSPI_0U_0U
                0x00000688        0x4 ./synergy/ssp/src/bsp/mcu/s7g2/bsp_hw_locks.o
                0x00000688                g_lock_lookup_QSPI_0U_0U
 .hw_lock_lookup.RTC_0U_0U
                0x0000068c        0x4 ./synergy/ssp/src/bsp/mcu/s7g2/bsp_hw_locks.o
                0x0000068c                g_lock_lookup_RTC_0U_0U
 .hw_lock_lookup.SCE_0U_0U
                0x00000690        0x4 ./synergy/ssp/src/bsp/mcu/s7g2/bsp_hw_locks.o
                0x00000690                g_lock_lookup_SCE_0U_0U
 .hw_lock_lookup.SCI_0U_0U
                0x00000694        0x4 ./synergy/ssp/src/bsp/mcu/s7g2/bsp_hw_locks.o
                0x00000694                g_lock_lookup_SCI_0U_0U
 .hw_lock_lookup.SCI_0U_1U
                0x00000698        0x4 ./synergy/ssp/src/bsp/mcu/s7g2/bsp_hw_locks.o
                0x00000698                g_lock_lookup_SCI_0U_1U
 .hw_lock_lookup.SCI_0U_2U
                0x0000069c        0x4 ./synergy/ssp/src/bsp/mcu/s7g2/bsp_hw_locks.o
                0x0000069c                g_lock_lookup_SCI_0U_2U
 .hw_lock_lookup.SCI_0U_3U
                0x000006a0        0x4 ./synergy/ssp/src/bsp/mcu/s7g2/bsp_hw_locks.o
                0x000006a0                g_lock_lookup_SCI_0U_3U
 .hw_lock_lookup.SCI_0U_4U
                0x000006a4        0x4 ./synergy/ssp/src/bsp/mcu/s7g2/bsp_hw_locks.o
                0x000006a4                g_lock_lookup_SCI_0U_4U
 .hw_lock_lookup.SCI_0U_5U
                0x000006a8        0x4 ./synergy/ssp/src/bsp/mcu/s7g2/bsp_hw_locks.o
                0x000006a8                g_lock_lookup_SCI_0U_5U
 .hw_lock_lookup.SCI_0U_6U
                0x000006ac        0x4 ./synergy/ssp/src/bsp/mcu/s7g2/bsp_hw_locks.o
                0x000006ac                g_lock_lookup_SCI_0U_6U
 .hw_lock_lookup.SCI_0U_7U
                0x000006b0        0x4 ./synergy/ssp/src/bsp/mcu/s7g2/bsp_hw_locks.o
                0x000006b0                g_lock_lookup_SCI_0U_7U
 .hw_lock_lookup.SCI_0U_8U
                0x000006b4        0x4 ./synergy/ssp/src/bsp/mcu/s7g2/bsp_hw_locks.o
                0x000006b4                g_lock_lookup_SCI_0U_8U
 .hw_lock_lookup.SCI_0U_9U
                0x000006b8        0x4 ./synergy/ssp/src/bsp/mcu/s7g2/bsp_hw_locks.o
                0x000006b8                g_lock_lookup_SCI_0U_9U
 .hw_lock_lookup.SDHIMMC_0U_0U
                0x000006bc        0x4 ./synergy/ssp/src/bsp/mcu/s7g2/bsp_hw_locks.o
                0x000006bc                g_lock_lookup_SDHIMMC_0U_0U
 .hw_lock_lookup.SDHIMMC_0U_1U
                0x000006c0        0x4 ./synergy/ssp/src/bsp/mcu/s7g2/bsp_hw_locks.o
                0x000006c0                g_lock_lookup_SDHIMMC_0U_1U
 .hw_lock_lookup.SPI_0U_0U
                0x000006c4        0x4 ./synergy/ssp/src/bsp/mcu/s7g2/bsp_hw_locks.o
                0x000006c4                g_lock_lookup_SPI_0U_0U
 .hw_lock_lookup.SPI_0U_1U
                0x000006c8        0x4 ./synergy/ssp/src/bsp/mcu/s7g2/bsp_hw_locks.o
                0x000006c8                g_lock_lookup_SPI_0U_1U
 .hw_lock_lookup.SRC_0U_0U
                0x000006cc        0x4 ./synergy/ssp/src/bsp/mcu/s7g2/bsp_hw_locks.o
                0x000006cc                g_lock_lookup_SRC_0U_0U
 .hw_lock_lookup.SSI_0U_0U
                0x000006d0        0x4 ./synergy/ssp/src/bsp/mcu/s7g2/bsp_hw_locks.o
                0x000006d0                g_lock_lookup_SSI_0U_0U
 .hw_lock_lookup.SSI_0U_1U
                0x000006d4        0x4 ./synergy/ssp/src/bsp/mcu/s7g2/bsp_hw_locks.o
                0x000006d4                g_lock_lookup_SSI_0U_1U
 .hw_lock_lookup.TSN_0U_0U
                0x000006d8        0x4 ./synergy/ssp/src/bsp/mcu/s7g2/bsp_hw_locks.o
                0x000006d8                g_lock_lookup_TSN_0U_0U
 .hw_lock_lookup.USB_0U_0U
                0x000006dc        0x4 ./synergy/ssp/src/bsp/mcu/s7g2/bsp_hw_locks.o
                0x000006dc                g_lock_lookup_USB_0U_0U
 .hw_lock_lookup.USB_1U_0U
                0x000006e0        0x4 ./synergy/ssp/src/bsp/mcu/s7g2/bsp_hw_locks.o
                0x000006e0                g_lock_lookup_USB_1U_0U
 .hw_lock_lookup.WDT_0U_0U
                0x000006e4        0x4 ./synergy/ssp/src/bsp/mcu/s7g2/bsp_hw_locks.o
                0x000006e4                g_lock_lookup_WDT_0U_0U
                0x000006e8                __Lock_Lookup_End = .
 *(.text*)
 .text          0x000006e8       0x5c c:/program files (x86)/gnu tools arm embedded/4.9 2015q3/bin/../lib/gcc/arm-none-eabi/4.9.3/armv7e-m/fpu/crtbegin.o
 .text.SF_UART_COMMS_VersionGet
                0x00000744       0x10 ./synergy/ssp/src/framework/sf_uart_comms/sf_uart_comms.o
                0x00000744                SF_UART_COMMS_VersionGet
 .text.SF_UART_COMMS_Open
                0x00000754       0xb0 ./synergy/ssp/src/framework/sf_uart_comms/sf_uart_comms.o
                0x00000754                SF_UART_COMMS_Open
 .text.sf_uart_comms_callback
                0x00000804       0x50 ./synergy/ssp/src/framework/sf_uart_comms/sf_uart_comms.o
 .text.SF_UART_COMMS_Close
                0x00000854       0x40 ./synergy/ssp/src/framework/sf_uart_comms/sf_uart_comms.o
                0x00000854                SF_UART_COMMS_Close
 .text.SF_UART_COMMS_Write
                0x00000894       0x8c ./synergy/ssp/src/framework/sf_uart_comms/sf_uart_comms.o
                0x00000894                SF_UART_COMMS_Write
 .text.sf_uart_comms_receive_chars
                0x00000920       0x5c ./synergy/ssp/src/framework/sf_uart_comms/sf_uart_comms.o
 .text.SF_UART_COMMS_Read
                0x0000097c      0x100 ./synergy/ssp/src/framework/sf_uart_comms/sf_uart_comms.o
                0x0000097c                SF_UART_COMMS_Read
 .text.SF_UART_COMMS_Lock
                0x00000a7c       0x4c ./synergy/ssp/src/framework/sf_uart_comms/sf_uart_comms.o
                0x00000a7c                SF_UART_COMMS_Lock
 .text.SF_UART_COMMS_Unlock
                0x00000ac8       0x2c ./synergy/ssp/src/framework/sf_uart_comms/sf_uart_comms.o
                0x00000ac8                SF_UART_COMMS_Unlock
 .text.R_SCI_UartVersionGet
                0x00000af4       0x18 ./synergy/ssp/src/driver/r_sci_uart/r_sci_uart.o
                0x00000af4                R_SCI_UartVersionGet
 .text.r_sci_irq_cfg
                0x00000b0c       0x94 ./synergy/ssp/src/driver/r_sci_uart/r_sci_uart.o
 .text.R_SCI_UartInfoGet
                0x00000ba0       0x80 ./synergy/ssp/src/driver/r_sci_uart/r_sci_uart.o
                0x00000ba0                R_SCI_UartInfoGet
 .text.r_sci_read_write_param_check
                0x00000c20       0x3c ./synergy/ssp/src/driver/r_sci_uart/r_sci_uart.o
 .text.R_SCI_UartRead
                0x00000c5c       0x54 ./synergy/ssp/src/driver/r_sci_uart/r_sci_uart.o
                0x00000c5c                R_SCI_UartRead
 .text.r_sci_uart_transfer_configure.isra.3
                0x00000cb0       0x88 ./synergy/ssp/src/driver/r_sci_uart/r_sci_uart.o
 .text.r_sci_uart_transfer_close.isra.6
                0x00000d38       0x24 ./synergy/ssp/src/driver/r_sci_uart/r_sci_uart.o
 .text.r_sci_uart_baud_calculate.part.8
                0x00000d5c      0x110 ./synergy/ssp/src/driver/r_sci_uart/r_sci_uart.o
 .text.R_SCI_UartOpen
                0x00000e6c      0x51c ./synergy/ssp/src/driver/r_sci_uart/r_sci_uart.o
                0x00000e6c                R_SCI_UartOpen
 .text.R_SCI_UartWrite
                0x00001388       0xb0 ./synergy/ssp/src/driver/r_sci_uart/r_sci_uart.o
                0x00001388                R_SCI_UartWrite
 .text.R_SCI_UartClose
                0x00001438       0xd8 ./synergy/ssp/src/driver/r_sci_uart/r_sci_uart.o
                0x00001438                R_SCI_UartClose
 .text.r_sci_uart_write_no_transfer.part.14
                0x00001510       0x58 ./synergy/ssp/src/driver/r_sci_uart/r_sci_uart.o
 .text.R_SCI_UartBaudSet
                0x00001568       0xe8 ./synergy/ssp/src/driver/r_sci_uart/r_sci_uart.o
                0x00001568                R_SCI_UartBaudSet
 .text.r_sci_uart_rxi_read_no_transfer
                0x00001650       0x78 ./synergy/ssp/src/driver/r_sci_uart/r_sci_uart.o
                0x00001650                r_sci_uart_rxi_read_no_transfer
 .text.sci_uart_txi_isr
                0x000016c8       0xe0 ./synergy/ssp/src/driver/r_sci_uart/r_sci_uart.o
                0x000016c8                sci_uart_txi_isr
 .text.sci_uart_rxi_isr
                0x000017a8       0x68 ./synergy/ssp/src/driver/r_sci_uart/r_sci_uart.o
                0x000017a8                sci_uart_rxi_isr
 .text.sci_uart_tei_isr
                0x00001810       0x78 ./synergy/ssp/src/driver/r_sci_uart/r_sci_uart.o
                0x00001810                sci_uart_tei_isr
 .text.sci_uart_eri_isr
                0x00001888       0xac ./synergy/ssp/src/driver/r_sci_uart/r_sci_uart.o
                0x00001888                sci_uart_eri_isr
 .text.R_IOPORT_PinRead
                0x00001934       0x48 ./synergy/ssp/src/driver/r_ioport/r_ioport.o
                0x00001934                R_IOPORT_PinRead
 .text.R_IOPORT_PortRead
                0x0000197c       0x28 ./synergy/ssp/src/driver/r_ioport/r_ioport.o
                0x0000197c                R_IOPORT_PortRead
 .text.R_IOPORT_PortEventInputRead
                0x000019a4       0x28 ./synergy/ssp/src/driver/r_ioport/r_ioport.o
                0x000019a4                R_IOPORT_PortEventInputRead
 .text.R_IOPORT_PinEventInputRead
                0x000019cc       0x58 ./synergy/ssp/src/driver/r_ioport/r_ioport.o
                0x000019cc                R_IOPORT_PinEventInputRead
 .text.R_IOPORT_PortEventOutputWrite
                0x00001a24       0x38 ./synergy/ssp/src/driver/r_ioport/r_ioport.o
                0x00001a24                R_IOPORT_PortEventOutputWrite
 .text.R_IOPORT_PinEventOutputWrite
                0x00001a5c       0x54 ./synergy/ssp/src/driver/r_ioport/r_ioport.o
                0x00001a5c                R_IOPORT_PinEventOutputWrite
 .text.R_IOPORT_VersionGet
                0x00001ab0       0x18 ./synergy/ssp/src/driver/r_ioport/r_ioport.o
                0x00001ab0                R_IOPORT_VersionGet
 .text.R_IOPORT_PinDirectionSet
                0x00001ac8       0xcc ./synergy/ssp/src/driver/r_ioport/r_ioport.o
                0x00001ac8                R_IOPORT_PinDirectionSet
 .text.R_IOPORT_PortWrite
                0x00001b94       0x38 ./synergy/ssp/src/driver/r_ioport/r_ioport.o
                0x00001b94                R_IOPORT_PortWrite
 .text.R_IOPORT_PortDirectionSet
                0x00001bcc       0x40 ./synergy/ssp/src/driver/r_ioport/r_ioport.o
                0x00001bcc                R_IOPORT_PortDirectionSet
 .text.bsp_vbatt_init.isra.4
                0x00001c0c       0x8c ./synergy/ssp/src/driver/r_ioport/r_ioport.o
 .text.R_IOPORT_EthernetModeCfg
                0x00001c98       0x58 ./synergy/ssp/src/driver/r_ioport/r_ioport.o
                0x00001c98                R_IOPORT_EthernetModeCfg
 .text.R_IOPORT_PinsCfg
                0x00001cf0       0xe0 ./synergy/ssp/src/driver/r_ioport/r_ioport.o
                0x00001cf0                R_IOPORT_PinsCfg
 .text.R_IOPORT_Init
                0x00001dd0       0x78 ./synergy/ssp/src/driver/r_ioport/r_ioport.o
                0x00001dd0                R_IOPORT_Init
 .text.R_IOPORT_PinCfg
                0x00001e48       0xd0 ./synergy/ssp/src/driver/r_ioport/r_ioport.o
                0x00001e48                R_IOPORT_PinCfg
 .text.R_IOPORT_PinWrite
                0x00001f18       0xcc ./synergy/ssp/src/driver/r_ioport/r_ioport.o
                0x00001f18                R_IOPORT_PinWrite
 .text.R_FMI_ProductInfoGet
                0x00001fe4       0x28 ./synergy/ssp/src/driver/r_fmi/r_fmi.o
 .text.R_FMI_UniqueIdGet
                0x0000200c       0x30 ./synergy/ssp/src/driver/r_fmi/r_fmi.o
 .text.R_FMI_EventInfoGet
                0x0000203c       0x6c ./synergy/ssp/src/driver/r_fmi/r_fmi.o
 .text.R_FMI_VersionGet
                0x000020a8       0x14 ./synergy/ssp/src/driver/r_fmi/r_fmi.o
 .text.R_FMI_Init
                0x000020bc       0xbc ./synergy/ssp/src/driver/r_fmi/r_fmi.o
 .text.R_FMI_FeatureGet
                0x00002178      0x240 ./synergy/ssp/src/driver/r_fmi/r_fmi.o
 .text.R_ELC_LinkSet
                0x000023b8       0x14 ./synergy/ssp/src/driver/r_elc/r_elc.o
                0x000023b8                R_ELC_LinkSet
 .text.R_ELC_LinkBreak
                0x000023cc       0x14 ./synergy/ssp/src/driver/r_elc/r_elc.o
                0x000023cc                R_ELC_LinkBreak
 .text.R_ELC_Enable
                0x000023e0       0x14 ./synergy/ssp/src/driver/r_elc/r_elc.o
                0x000023e0                R_ELC_Enable
 .text.R_ELC_Disable
                0x000023f4       0x14 ./synergy/ssp/src/driver/r_elc/r_elc.o
                0x000023f4                R_ELC_Disable
 .text.R_ELC_VersionGet
                0x00002408       0x14 ./synergy/ssp/src/driver/r_elc/r_elc.o
                0x00002408                R_ELC_VersionGet
 .text.R_ELC_SoftwareEventGenerate
                0x0000241c       0x30 ./synergy/ssp/src/driver/r_elc/r_elc.o
                0x0000241c                R_ELC_SoftwareEventGenerate
 .text.R_ELC_Init
                0x0000244c       0x80 ./synergy/ssp/src/driver/r_elc/r_elc.o
                0x0000244c                R_ELC_Init
 .text.R_DTC_Start
                0x000024cc        0x4 ./synergy/ssp/src/driver/r_dtc/r_dtc.o
                0x000024cc                R_DTC_Start
 .text.R_DTC_Stop
                0x000024d0        0x4 ./synergy/ssp/src/driver/r_dtc/r_dtc.o
                0x000024d0                R_DTC_Stop
 .text.R_DTC_Disable
                0x000024d4       0x34 ./synergy/ssp/src/driver/r_dtc/r_dtc.o
                0x000024d4                R_DTC_Disable
 .text.R_DTC_VersionGet
                0x00002508       0x14 ./synergy/ssp/src/driver/r_dtc/r_dtc.o
                0x00002508                R_DTC_VersionGet
 .text.R_DTC_InfoGet
                0x0000251c       0x78 ./synergy/ssp/src/driver/r_dtc/r_dtc.o
                0x0000251c                R_DTC_InfoGet
 .text.R_DTC_Close
                0x00002594       0x4c ./synergy/ssp/src/driver/r_dtc/r_dtc.o
                0x00002594                R_DTC_Close
 .text.R_DTC_Enable
                0x000025e0       0x80 ./synergy/ssp/src/driver/r_dtc/r_dtc.o
                0x000025e0                R_DTC_Enable
 .text.R_DTC_BlockReset
                0x00002660       0xd0 ./synergy/ssp/src/driver/r_dtc/r_dtc.o
                0x00002660                R_DTC_BlockReset
 .text.R_DTC_Open
                0x00002730      0x180 ./synergy/ssp/src/driver/r_dtc/r_dtc.o
                0x00002730                R_DTC_Open
 .text.R_DTC_Reset
                0x000028b0       0xcc ./synergy/ssp/src/driver/r_dtc/r_dtc.o
                0x000028b0                R_DTC_Reset
 .text.HW_CGC_Init
                0x0000297c       0x34 ./synergy/ssp/src/driver/r_cgc/hw/hw_cgc.o
                0x0000297c                HW_CGC_Init
 .text.HW_CGC_InitPLLFreq
                0x000029b0       0xf4 ./synergy/ssp/src/driver/r_cgc/hw/hw_cgc.o
                0x000029b0                HW_CGC_InitPLLFreq
 .text.HW_CGC_MainClockDriveSet
                0x00002aa4       0x3c ./synergy/ssp/src/driver/r_cgc/hw/hw_cgc.o
                0x00002aa4                HW_CGC_MainClockDriveSet
 .text.HW_CGC_SubClockDriveSet
                0x00002ae0       0x3c ./synergy/ssp/src/driver/r_cgc/hw/hw_cgc.o
                0x00002ae0                HW_CGC_SubClockDriveSet
 .text.HW_CGC_ClockStart
                0x00002b1c       0xa0 ./synergy/ssp/src/driver/r_cgc/hw/hw_cgc.o
                0x00002b1c                HW_CGC_ClockStart
 .text.HW_CGC_ClockStop
                0x00002bbc       0xa0 ./synergy/ssp/src/driver/r_cgc/hw/hw_cgc.o
                0x00002bbc                HW_CGC_ClockStop
 .text.HW_CGC_ClockCheck
                0x00002c5c       0x2c ./synergy/ssp/src/driver/r_cgc/hw/hw_cgc.o
                0x00002c5c                HW_CGC_ClockCheck
 .text.HW_CGC_ClockRunStateGet
                0x00002c88       0x68 ./synergy/ssp/src/driver/r_cgc/hw/hw_cgc.o
                0x00002c88                HW_CGC_ClockRunStateGet
 .text.HW_CGC_DelayCycles
                0x00002cf0        0x8 ./synergy/ssp/src/driver/r_cgc/hw/hw_cgc.o
                0x00002cf0                HW_CGC_DelayCycles
 .text.HW_CGC_MainOscSourceSet
                0x00002cf8       0x2c ./synergy/ssp/src/driver/r_cgc/hw/hw_cgc.o
                0x00002cf8                HW_CGC_MainOscSourceSet
 .text.HW_CGC_ClockWaitSet
                0x00002d24       0x28 ./synergy/ssp/src/driver/r_cgc/hw/hw_cgc.o
                0x00002d24                HW_CGC_ClockWaitSet
 .text.HW_CGC_ClockSourceValidCheck
                0x00002d4c       0x28 ./synergy/ssp/src/driver/r_cgc/hw/hw_cgc.o
                0x00002d4c                HW_CGC_ClockSourceValidCheck
 .text.HW_CGC_SystemClockValidCheck
                0x00002d74        0xc ./synergy/ssp/src/driver/r_cgc/hw/hw_cgc.o
                0x00002d74                HW_CGC_SystemClockValidCheck
 .text.HW_CGC_ClockSourceGet
                0x00002d80        0xc ./synergy/ssp/src/driver/r_cgc/hw/hw_cgc.o
                0x00002d80                HW_CGC_ClockSourceGet
 .text.HW_CGC_ClockSourceSet
                0x00002d8c       0x28 ./synergy/ssp/src/driver/r_cgc/hw/hw_cgc.o
                0x00002d8c                HW_CGC_ClockSourceSet
 .text.HW_CGC_PLLClockSourceGet
                0x00002db4       0x24 ./synergy/ssp/src/driver/r_cgc/hw/hw_cgc.o
                0x00002db4                HW_CGC_PLLClockSourceGet
 .text.HW_CGC_PLLClockSourceSet
                0x00002dd8       0x28 ./synergy/ssp/src/driver/r_cgc/hw/hw_cgc.o
                0x00002dd8                HW_CGC_PLLClockSourceSet
 .text.HW_CGC_PLLMultiplierSet
                0x00002e00       0x90 ./synergy/ssp/src/driver/r_cgc/hw/hw_cgc.o
                0x00002e00                HW_CGC_PLLMultiplierSet
 .text.HW_CGC_PLLDividerSet
                0x00002e90       0x88 ./synergy/ssp/src/driver/r_cgc/hw/hw_cgc.o
                0x00002e90                HW_CGC_PLLDividerSet
 .text.HW_CGC_SystemDividersSet
                0x00002f18       0x70 ./synergy/ssp/src/driver/r_cgc/hw/hw_cgc.o
                0x00002f18                HW_CGC_SystemDividersSet
 .text.HW_CGC_SystemDividersGet
                0x00002f88       0x3c ./synergy/ssp/src/driver/r_cgc/hw/hw_cgc.o
                0x00002f88                HW_CGC_SystemDividersGet
 .text.HW_CGC_ClockCfgValidCheck
                0x00002fc4       0x58 ./synergy/ssp/src/driver/r_cgc/hw/hw_cgc.o
                0x00002fc4                HW_CGC_ClockCfgValidCheck
 .text.HW_CGC_ClockDividerGet
                0x0000301c       0x4c ./synergy/ssp/src/driver/r_cgc/hw/hw_cgc.o
                0x0000301c                HW_CGC_ClockDividerGet
 .text.HW_CGC_ClockHzGet
                0x00003068       0x20 ./synergy/ssp/src/driver/r_cgc/hw/hw_cgc.o
                0x00003068                HW_CGC_ClockHzGet
 .text.HW_CGC_ClockHzCalculate
                0x00003088       0x10 ./synergy/ssp/src/driver/r_cgc/hw/hw_cgc.o
                0x00003088                HW_CGC_ClockHzCalculate
 .text.HW_CGC_OperatingModeSet
                0x00003098       0xb0 ./synergy/ssp/src/driver/r_cgc/hw/hw_cgc.o
                0x00003098                HW_CGC_OperatingModeSet
 .text.HW_CGC_OperatingModeGet
                0x00003148       0x14 ./synergy/ssp/src/driver/r_cgc/hw/hw_cgc.o
                0x00003148                HW_CGC_OperatingModeGet
 .text.HW_CGC_OscStopDetectEnable
                0x0000315c       0x2c ./synergy/ssp/src/driver/r_cgc/hw/hw_cgc.o
                0x0000315c                HW_CGC_OscStopDetectEnable
 .text.HW_CGC_OscStopDetectDisable
                0x00003188       0x2c ./synergy/ssp/src/driver/r_cgc/hw/hw_cgc.o
                0x00003188                HW_CGC_OscStopDetectDisable
 .text.HW_CGC_OscStopDetectEnabledGet
                0x000031b4        0x8 ./synergy/ssp/src/driver/r_cgc/hw/hw_cgc.o
                0x000031b4                HW_CGC_OscStopDetectEnabledGet
 .text.HW_CGC_OscStopDetectGet
                0x000031bc        0xc ./synergy/ssp/src/driver/r_cgc/hw/hw_cgc.o
                0x000031bc                HW_CGC_OscStopDetectGet
 .text.HW_CGC_OscStopStatusClear
                0x000031c8       0x30 ./synergy/ssp/src/driver/r_cgc/hw/hw_cgc.o
                0x000031c8                HW_CGC_OscStopStatusClear
 .text.HW_CGC_BusClockOutCfg
                0x000031f8       0x28 ./synergy/ssp/src/driver/r_cgc/hw/hw_cgc.o
                0x000031f8                HW_CGC_BusClockOutCfg
 .text.HW_CGC_BusClockOutEnable
                0x00003220       0x20 ./synergy/ssp/src/driver/r_cgc/hw/hw_cgc.o
                0x00003220                HW_CGC_BusClockOutEnable
 .text.HW_CGC_BusClockOutDisable
                0x00003240       0x20 ./synergy/ssp/src/driver/r_cgc/hw/hw_cgc.o
                0x00003240                HW_CGC_BusClockOutDisable
 .text.HW_CGC_ClockOutCfg
                0x00003260       0x4c ./synergy/ssp/src/driver/r_cgc/hw/hw_cgc.o
                0x00003260                HW_CGC_ClockOutCfg
 .text.HW_CGC_ClockOutEnable
                0x000032ac       0x20 ./synergy/ssp/src/driver/r_cgc/hw/hw_cgc.o
                0x000032ac                HW_CGC_ClockOutEnable
 .text.HW_CGC_ClockOutDisable
                0x000032cc       0x20 ./synergy/ssp/src/driver/r_cgc/hw/hw_cgc.o
                0x000032cc                HW_CGC_ClockOutDisable
 .text.HW_CGC_SDRAMClockOutEnable
                0x000032ec       0x20 ./synergy/ssp/src/driver/r_cgc/hw/hw_cgc.o
                0x000032ec                HW_CGC_SDRAMClockOutEnable
 .text.HW_CGC_SDRAMClockOutDisable
                0x0000330c       0x20 ./synergy/ssp/src/driver/r_cgc/hw/hw_cgc.o
                0x0000330c                HW_CGC_SDRAMClockOutDisable
 .text.HW_CGC_USBClockCfg
                0x0000332c       0x2c ./synergy/ssp/src/driver/r_cgc/hw/hw_cgc.o
                0x0000332c                HW_CGC_USBClockCfg
 .text.HW_CGC_SystickUpdate
                0x00003358       0x54 ./synergy/ssp/src/driver/r_cgc/hw/hw_cgc.o
                0x00003358                HW_CGC_SystickUpdate
 .text.HW_CGC_LCDClockCfg
                0x000033ac       0x14 ./synergy/ssp/src/driver/r_cgc/hw/hw_cgc.o
                0x000033ac                HW_CGC_LCDClockCfg
 .text.HW_CGC_LCDClockCfgGet
                0x000033c0        0xc ./synergy/ssp/src/driver/r_cgc/hw/hw_cgc.o
                0x000033c0                HW_CGC_LCDClockCfgGet
 .text.HW_CGC_LCDClockEnable
                0x000033cc       0x10 ./synergy/ssp/src/driver/r_cgc/hw/hw_cgc.o
                0x000033cc                HW_CGC_LCDClockEnable
 .text.HW_CGC_LCDClockDisable
                0x000033dc       0x10 ./synergy/ssp/src/driver/r_cgc/hw/hw_cgc.o
                0x000033dc                HW_CGC_LCDClockDisable
 .text.HW_CGC_LCDClockIsEnabled
                0x000033ec        0x8 ./synergy/ssp/src/driver/r_cgc/hw/hw_cgc.o
                0x000033ec                HW_CGC_LCDClockIsEnabled
 .text.HW_CGC_HocoWaitControlSet
                0x000033f4       0x28 ./synergy/ssp/src/driver/r_cgc/hw/hw_cgc.o
                0x000033f4                HW_CGC_HocoWaitControlSet
 .text.R_CGC_VersionGet
                0x0000341c       0x10 ./synergy/ssp/src/driver/r_cgc/r_cgc.o
                0x0000341c                R_CGC_VersionGet
 .text.R_CGC_Init
                0x0000342c       0xb4 ./synergy/ssp/src/driver/r_cgc/r_cgc.o
                0x0000342c                R_CGC_Init
 .text.R_CGC_SystemClockGet
                0x000034e0       0x20 ./synergy/ssp/src/driver/r_cgc/r_cgc.o
                0x000034e0                R_CGC_SystemClockGet
 .text.R_CGC_OscStopDetect
                0x00003500       0xe0 ./synergy/ssp/src/driver/r_cgc/r_cgc.o
                0x00003500                R_CGC_OscStopDetect
 .text.R_CGC_OscStopStatusClear
                0x000035e0       0x50 ./synergy/ssp/src/driver/r_cgc/r_cgc.o
                0x000035e0                R_CGC_OscStopStatusClear
 .text.R_CGC_BusClockOutCfg
                0x00003630       0x14 ./synergy/ssp/src/driver/r_cgc/r_cgc.o
                0x00003630                R_CGC_BusClockOutCfg
 .text.R_CGC_BusClockOutEnable
                0x00003644       0x14 ./synergy/ssp/src/driver/r_cgc/r_cgc.o
                0x00003644                R_CGC_BusClockOutEnable
 .text.R_CGC_BusClockOutDisable
                0x00003658       0x14 ./synergy/ssp/src/driver/r_cgc/r_cgc.o
                0x00003658                R_CGC_BusClockOutDisable
 .text.R_CGC_ClockOutCfg
                0x0000366c       0x18 ./synergy/ssp/src/driver/r_cgc/r_cgc.o
                0x0000366c                R_CGC_ClockOutCfg
 .text.R_CGC_ClockOutEnable
                0x00003684       0x14 ./synergy/ssp/src/driver/r_cgc/r_cgc.o
                0x00003684                R_CGC_ClockOutEnable
 .text.R_CGC_ClockOutDisable
                0x00003698       0x14 ./synergy/ssp/src/driver/r_cgc/r_cgc.o
                0x00003698                R_CGC_ClockOutDisable
 .text.R_CGC_ClockCheck
                0x000036ac       0x70 ./synergy/ssp/src/driver/r_cgc/r_cgc.o
                0x000036ac                R_CGC_ClockCheck
 .text.r_cgc_stabilization_wait
                0x0000371c       0x34 ./synergy/ssp/src/driver/r_cgc/r_cgc.o
 .text.R_CGC_ClockStart
                0x00003750      0x18c ./synergy/ssp/src/driver/r_cgc/r_cgc.o
                0x00003750                R_CGC_ClockStart
 .text.R_CGC_ClockStop
                0x000038dc       0xc8 ./synergy/ssp/src/driver/r_cgc/r_cgc.o
                0x000038dc                R_CGC_ClockStop
 .text.r_cgc_clock_start_stop
                0x000039a4       0x30 ./synergy/ssp/src/driver/r_cgc/r_cgc.o
 .text.R_CGC_SystemClockFreqGet
                0x000039d4       0x2c ./synergy/ssp/src/driver/r_cgc/r_cgc.o
                0x000039d4                R_CGC_SystemClockFreqGet
 .text.R_CGC_LCDClockEnable
                0x00003a00       0x50 ./synergy/ssp/src/driver/r_cgc/r_cgc.o
                0x00003a00                R_CGC_LCDClockEnable
 .text.R_CGC_LCDClockDisable
                0x00003a50       0x50 ./synergy/ssp/src/driver/r_cgc/r_cgc.o
                0x00003a50                R_CGC_LCDClockDisable
 .text.R_CGC_LCDClockCfg
                0x00003aa0       0x80 ./synergy/ssp/src/driver/r_cgc/r_cgc.o
                0x00003aa0                R_CGC_LCDClockCfg
 .text.R_CGC_SDRAMClockOutEnable
                0x00003b20       0x1c ./synergy/ssp/src/driver/r_cgc/r_cgc.o
                0x00003b20                R_CGC_SDRAMClockOutEnable
 .text.R_CGC_SDRAMClockOutDisable
                0x00003b3c       0x1c ./synergy/ssp/src/driver/r_cgc/r_cgc.o
                0x00003b3c                R_CGC_SDRAMClockOutDisable
 .text.R_CGC_USBClockCfg
                0x00003b58       0x20 ./synergy/ssp/src/driver/r_cgc/r_cgc.o
                0x00003b58                R_CGC_USBClockCfg
 .text.R_CGC_SystickUpdate.part.11
                0x00003b78       0x44 ./synergy/ssp/src/driver/r_cgc/r_cgc.o
 .text.R_CGC_SystickUpdate
                0x00003bbc        0xc ./synergy/ssp/src/driver/r_cgc/r_cgc.o
                0x00003bbc                R_CGC_SystickUpdate
 .text.R_CGC_SystemClockSet
                0x00003bc8      0x1bc ./synergy/ssp/src/driver/r_cgc/r_cgc.o
                0x00003bc8                R_CGC_SystemClockSet
 .text.R_CGC_ClocksCfg
                0x00003d84      0x164 ./synergy/ssp/src/driver/r_cgc/r_cgc.o
                0x00003d84                R_CGC_ClocksCfg
 .text.HW_CAN_Operate_Mode
                0x00003ee8       0x44 ./synergy/ssp/src/driver/r_can/hw/hw_can.o
 .text.HW_CAN_Halt_Mode
                0x00003f2c       0x48 ./synergy/ssp/src/driver/r_can/hw/hw_can.o
 .text.HW_CAN_Control
                0x00003f74      0x120 ./synergy/ssp/src/driver/r_can/hw/hw_can.o
                0x00003f74                HW_CAN_Control
 .text.HW_CAN_BusRecoveryModeSet
                0x00004094       0x10 ./synergy/ssp/src/driver/r_can/hw/hw_can.o
                0x00004094                HW_CAN_BusRecoveryModeSet
 .text.HW_CAN_MailboxModeSet
                0x000040a4       0x10 ./synergy/ssp/src/driver/r_can/hw/hw_can.o
                0x000040a4                HW_CAN_MailboxModeSet
 .text.HW_CAN_MailboxIdSet
                0x000040b4       0xb8 ./synergy/ssp/src/driver/r_can/hw/hw_can.o
                0x000040b4                HW_CAN_MailboxIdSet
 .text.HW_CAN_MailboxSendIdSet
                0x0000416c       0x24 ./synergy/ssp/src/driver/r_can/hw/hw_can.o
                0x0000416c                HW_CAN_MailboxSendIdSet
 .text.HW_CAN_MailboxMaskSet
                0x00004190       0x70 ./synergy/ssp/src/driver/r_can/hw/hw_can.o
                0x00004190                HW_CAN_MailboxMaskSet
 .text.HW_CAN_IdModeSet
                0x00004200       0x20 ./synergy/ssp/src/driver/r_can/hw/hw_can.o
                0x00004200                HW_CAN_IdModeSet
 .text.HW_CAN_MessageModeSet
                0x00004220       0x20 ./synergy/ssp/src/driver/r_can/hw/hw_can.o
                0x00004220                HW_CAN_MessageModeSet
 .text.HW_CAN_PriorityModeSet
                0x00004240       0x10 ./synergy/ssp/src/driver/r_can/hw/hw_can.o
                0x00004240                HW_CAN_PriorityModeSet
 .text.HW_CAN_TimeStampSet
                0x00004250       0x1c ./synergy/ssp/src/driver/r_can/hw/hw_can.o
                0x00004250                HW_CAN_TimeStampSet
 .text.HW_CAN_TimeStampReset
                0x0000426c       0x44 ./synergy/ssp/src/driver/r_can/hw/hw_can.o
                0x0000426c                HW_CAN_TimeStampReset
 .text.HW_CAN_ClockSet
                0x000042b0       0x88 ./synergy/ssp/src/driver/r_can/hw/hw_can.o
                0x000042b0                HW_CAN_ClockSet
 .text.HW_CAN_BitTimingSet
                0x00004338       0x94 ./synergy/ssp/src/driver/r_can/hw/hw_can.o
                0x00004338                HW_CAN_BitTimingSet
 .text.HW_CAN_BitRateGet
                0x000043cc       0x64 ./synergy/ssp/src/driver/r_can/hw/hw_can.o
                0x000043cc                HW_CAN_BitRateGet
 .text.HW_CAN_MaskEnableDefautSet
                0x00004430        0xc ./synergy/ssp/src/driver/r_can/hw/hw_can.o
                0x00004430                HW_CAN_MaskEnableDefautSet
 .text.HW_CAN_MailboxesClear
                0x0000443c       0x40 ./synergy/ssp/src/driver/r_can/hw/hw_can.o
                0x0000443c                HW_CAN_MailboxesClear
 .text.HW_CAN_MailboxTypeGet
                0x0000447c       0x10 ./synergy/ssp/src/driver/r_can/hw/hw_can.o
                0x0000447c                HW_CAN_MailboxTypeGet
 .text.HW_CAN_ReceiveDataAvailable
                0x0000448c       0x1c ./synergy/ssp/src/driver/r_can/hw/hw_can.o
                0x0000448c                HW_CAN_ReceiveDataAvailable
 .text.HW_CAN_MessageLostGet
                0x000044a8       0x14 ./synergy/ssp/src/driver/r_can/hw/hw_can.o
                0x000044a8                HW_CAN_MessageLostGet
 .text.HW_CAN_ReceiveDataCountGet
                0x000044bc       0x10 ./synergy/ssp/src/driver/r_can/hw/hw_can.o
                0x000044bc                HW_CAN_ReceiveDataCountGet
 .text.HW_CAN_ReceiveDataGet
                0x000044cc       0x54 ./synergy/ssp/src/driver/r_can/hw/hw_can.o
                0x000044cc                HW_CAN_ReceiveDataGet
 .text.HW_CAN_TransmitDataReady
                0x00004520       0x18 ./synergy/ssp/src/driver/r_can/hw/hw_can.o
                0x00004520                HW_CAN_TransmitDataReady
 .text.HW_CAN_TransmitDataClear
                0x00004538       0x10 ./synergy/ssp/src/driver/r_can/hw/hw_can.o
                0x00004538                HW_CAN_TransmitDataClear
 .text.HW_CAN_TransmitFrameSend
                0x00004548       0x68 ./synergy/ssp/src/driver/r_can/hw/hw_can.o
                0x00004548                HW_CAN_TransmitFrameSend
 .text.HW_CAN_ErrorMailboxGet
                0x000045b0       0x14 ./synergy/ssp/src/driver/r_can/hw/hw_can.o
                0x000045b0                HW_CAN_ErrorMailboxGet
 .text.HW_CAN_ReceiveMailboxGet
                0x000045c4       0x14 ./synergy/ssp/src/driver/r_can/hw/hw_can.o
                0x000045c4                HW_CAN_ReceiveMailboxGet
 .text.HW_CAN_TransmitMailboxGet
                0x000045d8       0x14 ./synergy/ssp/src/driver/r_can/hw/hw_can.o
                0x000045d8                HW_CAN_TransmitMailboxGet
 .text.HW_CAN_ErrorInterruptEnable
                0x000045ec       0x34 ./synergy/ssp/src/driver/r_can/hw/hw_can.o
                0x000045ec                HW_CAN_ErrorInterruptEnable
 .text.HW_CAN_SendReceiveInterruptsEnable
                0x00004620        0xc ./synergy/ssp/src/driver/r_can/hw/hw_can.o
                0x00004620                HW_CAN_SendReceiveInterruptsEnable
 .text.HW_CAN_InterruptErrorGet
                0x0000462c       0x28 ./synergy/ssp/src/driver/r_can/hw/hw_can.o
                0x0000462c                HW_CAN_InterruptErrorGet
 .text.HW_CAN_StatusGet
                0x00004654       0x7c ./synergy/ssp/src/driver/r_can/hw/hw_can.o
                0x00004654                HW_CAN_StatusGet
 .text.HW_CAN_ErrorModeSet
                0x000046d0        0x8 ./synergy/ssp/src/driver/r_can/hw/hw_can.o
                0x000046d0                HW_CAN_ErrorModeSet
 .text.HW_CAN_ErrorsGet
                0x000046d8       0x2c ./synergy/ssp/src/driver/r_can/hw/hw_can.o
                0x000046d8                HW_CAN_ErrorsGet
 .text.R_CAN_VersionGet
                0x00004704       0x14 ./synergy/ssp/src/driver/r_can/r_can.o
                0x00004704                R_CAN_VersionGet
 .text.R_CAN_Control
                0x00004718       0x28 ./synergy/ssp/src/driver/r_can/r_can.o
                0x00004718                R_CAN_Control
 .text.R_CAN_Close
                0x00004740       0xb0 ./synergy/ssp/src/driver/r_can/r_can.o
                0x00004740                R_CAN_Close
 .text.R_CAN_Read
                0x000047f0       0x78 ./synergy/ssp/src/driver/r_can/r_can.o
                0x000047f0                R_CAN_Read
 .text.R_CAN_Write
                0x00004868       0x64 ./synergy/ssp/src/driver/r_can/r_can.o
                0x00004868                R_CAN_Write
 .text.R_CAN_InfoGet
                0x000048cc       0x28 ./synergy/ssp/src/driver/r_can/r_can.o
                0x000048cc                R_CAN_InfoGet
 .text.R_CAN_Open
                0x000048f4      0x2fc ./synergy/ssp/src/driver/r_can/r_can.o
                0x000048f4                R_CAN_Open
 .text.rcan_error_interrupt
                0x00004bf0       0x70 ./synergy/ssp/src/driver/r_can/r_can.o
                0x00004bf0                rcan_error_interrupt
 .text.can_error_isr
                0x00004c60       0x44 ./synergy/ssp/src/driver/r_can/r_can.o
                0x00004c60                can_error_isr
 .text.rcan_receive_interrupt
                0x00004ca4       0x34 ./synergy/ssp/src/driver/r_can/r_can.o
                0x00004ca4                rcan_receive_interrupt
 .text.can_mailbox_rx_isr
                0x00004cd8       0x44 ./synergy/ssp/src/driver/r_can/r_can.o
                0x00004cd8                can_mailbox_rx_isr
 .text.rcan_transmit_interrupt
                0x00004d1c       0x38 ./synergy/ssp/src/driver/r_can/r_can.o
                0x00004d1c                rcan_transmit_interrupt
 .text.can_mailbox_tx_isr
                0x00004d54       0x44 ./synergy/ssp/src/driver/r_can/r_can.o
                0x00004d54                can_mailbox_tx_isr
 .text.R_BSP_CacheOff
                0x00004d98       0x28 ./synergy/ssp/src/bsp/mcu/s7g2/bsp_cache.o
                0x00004d98                R_BSP_CacheOff
 .text.R_BSP_CacheSet
                0x00004dc0       0x48 ./synergy/ssp/src/bsp/mcu/s7g2/bsp_cache.o
                0x00004dc0                R_BSP_CacheSet
 .text.bsp_clock_init
                0x00004e08       0x90 ./synergy/ssp/src/bsp/mcu/s7g2/bsp_clocks.o
                0x00004e08                bsp_clock_init
 .text.bsp_cpu_clock_get
                0x00004e98       0x20 ./synergy/ssp/src/bsp/mcu/s7g2/bsp_clocks.o
                0x00004e98                bsp_cpu_clock_get
 .text.bsp_clock_set_callback
                0x00004eb8      0x104 ./synergy/ssp/src/bsp/mcu/s7g2/bsp_clocks.o
                0x00004eb8                bsp_clock_set_callback
 .text.R_BSP_FeatureSciGet
                0x00004fbc        0x8 ./synergy/ssp/src/bsp/mcu/s7g2/bsp_feature.o
                0x00004fbc                R_BSP_FeatureSciGet
 .text.R_BSP_FeatureCanGet
                0x00004fc4        0xc ./synergy/ssp/src/bsp/mcu/s7g2/bsp_feature.o
                0x00004fc4                R_BSP_FeatureCanGet
 .text.R_BSP_FeatureIoportGet
                0x00004fd0        0xc ./synergy/ssp/src/bsp/mcu/s7g2/bsp_feature.o
                0x00004fd0                R_BSP_FeatureIoportGet
 .text.R_BSP_FeatureCgcGet
                0x00004fdc        0xc ./synergy/ssp/src/bsp/mcu/s7g2/bsp_feature.o
                0x00004fdc                R_BSP_FeatureCgcGet
 .text.bsp_group_interrupt_open
                0x00004fe8       0x18 ./synergy/ssp/src/bsp/mcu/s7g2/bsp_group_irq.o
                0x00004fe8                bsp_group_interrupt_open
 .text.R_BSP_GroupIrqWrite
                0x00005000       0x10 ./synergy/ssp/src/bsp/mcu/s7g2/bsp_group_irq.o
                0x00005000                R_BSP_GroupIrqWrite
 .text.NMI_Handler
                0x00005010      0x1f4 ./synergy/ssp/src/bsp/mcu/s7g2/bsp_group_irq.o
                0x00005010                NMI_Handler
 .text.r_bsp_module_start_stop
                0x00005204       0xb4 ./synergy/ssp/src/bsp/mcu/s7g2/bsp_module_stop.o
 .text.R_BSP_ModuleStop
                0x000052b8        0x8 ./synergy/ssp/src/bsp/mcu/s7g2/bsp_module_stop.o
                0x000052b8                R_BSP_ModuleStop
 .text.R_BSP_ModuleStart
                0x000052c0        0x8 ./synergy/ssp/src/bsp/mcu/s7g2/bsp_module_stop.o
                0x000052c0                R_BSP_ModuleStart
 .text.software_delay_loop
                0x000052c8        0xc ./synergy/ssp/src/bsp/mcu/all/bsp_delay.o
 .text.R_BSP_SoftwareDelay
                0x000052d4       0x58 ./synergy/ssp/src/bsp/mcu/all/bsp_delay.o
                0x000052d4                R_BSP_SoftwareDelay
 .text.R_BSP_IrqStatusClear
                0x0000532c       0x18 ./synergy/ssp/src/bsp/mcu/all/bsp_irq.o
                0x0000532c                R_BSP_IrqStatusClear
 .text.bsp_irq_cfg
                0x00005344       0x40 ./synergy/ssp/src/bsp/mcu/all/bsp_irq.o
                0x00005344                bsp_irq_cfg
 .text.R_BSP_HardwareLock
                0x00005384       0x68 ./synergy/ssp/src/bsp/mcu/all/bsp_locking.o
                0x00005384                R_BSP_HardwareLock
 .text.R_BSP_HardwareUnlock
                0x000053ec       0x4c ./synergy/ssp/src/bsp/mcu/all/bsp_locking.o
                0x000053ec                R_BSP_HardwareUnlock
 .text.bsp_init_hardware_locks
                0x00005438       0x44 ./synergy/ssp/src/bsp/mcu/all/bsp_locking.o
                0x00005438                bsp_init_hardware_locks
 .text.R_BSP_RegisterProtectEnable
                0x0000547c       0x60 ./synergy/ssp/src/bsp/mcu/all/bsp_register_protection.o
                0x0000547c                R_BSP_RegisterProtectEnable
 .text.R_BSP_RegisterProtectDisable
                0x000054dc       0x50 ./synergy/ssp/src/bsp/mcu/all/bsp_register_protection.o
                0x000054dc                R_BSP_RegisterProtectDisable
 .text.bsp_register_protect_open
                0x0000552c       0x10 ./synergy/ssp/src/bsp/mcu/all/bsp_register_protection.o
                0x0000552c                bsp_register_protect_open
 .text._sbrk    0x0000553c       0x40 ./synergy/ssp/src/bsp/mcu/all/bsp_sbrk.o
                0x0000553c                _sbrk
 .text.Default_Handler
                0x0000557c        0x4 ./synergy/ssp/src/bsp/cmsis/Device/RENESAS/S7G2/Source/startup_S7G2.o
                0x0000557c                HardFault_Handler
                0x0000557c                UsageFault_Handler
                0x0000557c                Default_Handler
                0x0000557c                MemManage_Handler
                0x0000557c                SVC_Handler
                0x0000557c                BusFault_Handler
                0x0000557c                DebugMon_Handler
 .text.Reset_Handler
                0x00005580        0xc ./synergy/ssp/src/bsp/cmsis/Device/RENESAS/S7G2/Source/startup_S7G2.o
                0x00005580                Reset_Handler
 .text.R_BSP_WarmStart
                0x0000558c        0x4 ./synergy/ssp/src/bsp/cmsis/Device/RENESAS/S7G2/Source/system_S7G2.o
                0x0000558c                R_BSP_WarmStart
 .text.SystemInit
                0x00005590       0xc0 ./synergy/ssp/src/bsp/cmsis/Device/RENESAS/S7G2/Source/system_S7G2.o
                0x00005590                SystemInit
 .text.bsp_init
                0x00005650        0x4 ./synergy/board/s7g2_sk/bsp_init.o
                0x00005650                bsp_init
 .text.bsp_qspi_xip_mode
                0x00005654       0x88 ./synergy/board/s7g2_sk/bsp_qspi.o
 .text.bsp_qspi_init
                0x000056dc      0x148 ./synergy/board/s7g2_sk/bsp_qspi.o
                0x000056dc                bsp_qspi_init
 .text.can_transmitter_func
                0x00005824       0x50 ./src/synergy_gen/can_transmitter.o
 .text.can_transmitter_create
                0x00005874       0x6c ./src/synergy_gen/can_transmitter.o
                0x00005874                can_transmitter_create
 .text.g_common_init
                0x000058e0        0x4 ./src/synergy_gen/common_data.o
                0x000058e0                g_common_init
 .text.g_hal_init
                0x000058e4        0x4 ./src/synergy_gen/hal_data.o
                0x000058e4                g_hal_init
 .text.tx_application_define_internal
                0x000058e8        0x4 ./src/synergy_gen/main.o
                0x000058e8                tx_application_define_user
                0x000058e8                tx_application_define_internal
 .text.tx_application_define
                0x000058ec       0x3c ./src/synergy_gen/main.o
                0x000058ec                tx_application_define
 .text.startup.main
                0x00005928        0xc ./src/synergy_gen/main.o
                0x00005928                main
 .text.uart_receiver_func
                0x00005934       0x50 ./src/synergy_gen/uart_receiver.o
 .text.uart_receiver_create
                0x00005984       0x5c ./src/synergy_gen/uart_receiver.o
                0x00005984                uart_receiver_create
 .text.can_transmitter_entry
                0x000059e0       0x7c ./src/can_transmitter_entry.o
                0x000059e0                can_transmitter_entry
 .text.can_transmitter_callback
                0x00005a5c       0x50 ./src/can_transmitter_entry.o
                0x00005a5c                can_transmitter_callback
 .text.uart_receiver_entry
                0x00005aac        0x4 ./src/uart_receiver_entry.o
                0x00005aac                uart_receiver_entry
 .text.read_uart
                0x00005ab0      0x184 ./src/uart_receiver_entry.o
                0x00005ab0                read_uart
 .text.create_can
                0x00005c34       0x98 ./src/uart_receiver_entry.o
                0x00005c34                create_can
 .text._txe_event_flags_create
                0x00005ccc       0x98 C:\Users\Lukas Ungerland\e2_studio\workspace\can_tool\synergy\ssp\src\framework\el\tx\cm4_gcc\libtx.a(txe_event_flags_create.o)
                0x00005ccc                _txe_event_flags_create
 .text._txe_event_flags_delete
                0x00005d64       0x2c C:\Users\Lukas Ungerland\e2_studio\workspace\can_tool\synergy\ssp\src\framework\el\tx\cm4_gcc\libtx.a(txe_event_flags_delete.o)
                0x00005d64                _txe_event_flags_delete
 .text._txe_event_flags_get
                0x00005d90       0x44 C:\Users\Lukas Ungerland\e2_studio\workspace\can_tool\synergy\ssp\src\framework\el\tx\cm4_gcc\libtx.a(txe_event_flags_get.o)
                0x00005d90                _txe_event_flags_get
 .text._txe_event_flags_set
                0x00005dd4       0x2c C:\Users\Lukas Ungerland\e2_studio\workspace\can_tool\synergy\ssp\src\framework\el\tx\cm4_gcc\libtx.a(txe_event_flags_set.o)
                0x00005dd4                _txe_event_flags_set
 .text._txe_mutex_create
                0x00005e00       0xb0 C:\Users\Lukas Ungerland\e2_studio\workspace\can_tool\synergy\ssp\src\framework\el\tx\cm4_gcc\libtx.a(txe_mutex_create.o)
                0x00005e00                _txe_mutex_create
 .text._txe_mutex_delete
                0x00005eb0       0x2c C:\Users\Lukas Ungerland\e2_studio\workspace\can_tool\synergy\ssp\src\framework\el\tx\cm4_gcc\libtx.a(txe_mutex_delete.o)
                0x00005eb0                _txe_mutex_delete
 .text._txe_mutex_get
                0x00005edc       0x58 C:\Users\Lukas Ungerland\e2_studio\workspace\can_tool\synergy\ssp\src\framework\el\tx\cm4_gcc\libtx.a(txe_mutex_get.o)
                0x00005edc                _txe_mutex_get
 .text._txe_mutex_put
                0x00005f34       0x38 C:\Users\Lukas Ungerland\e2_studio\workspace\can_tool\synergy\ssp\src\framework\el\tx\cm4_gcc\libtx.a(txe_mutex_put.o)
                0x00005f34                _txe_mutex_put
 .text._txe_queue_create
                0x00005f6c       0xd0 C:\Users\Lukas Ungerland\e2_studio\workspace\can_tool\synergy\ssp\src\framework\el\tx\cm4_gcc\libtx.a(txe_queue_create.o)
                0x00005f6c                _txe_queue_create
 .text._txe_queue_delete
                0x0000603c       0x2c C:\Users\Lukas Ungerland\e2_studio\workspace\can_tool\synergy\ssp\src\framework\el\tx\cm4_gcc\libtx.a(txe_queue_delete.o)
                0x0000603c                _txe_queue_delete
 .text._txe_queue_receive
                0x00006068       0x40 C:\Users\Lukas Ungerland\e2_studio\workspace\can_tool\synergy\ssp\src\framework\el\tx\cm4_gcc\libtx.a(txe_queue_receive.o)
                0x00006068                _txe_queue_receive
 .text._txe_queue_send
                0x000060a8       0x40 C:\Users\Lukas Ungerland\e2_studio\workspace\can_tool\synergy\ssp\src\framework\el\tx\cm4_gcc\libtx.a(txe_queue_send.o)
                0x000060a8                _txe_queue_send
 .text._txe_semaphore_create
                0x000060e8       0xa8 C:\Users\Lukas Ungerland\e2_studio\workspace\can_tool\synergy\ssp\src\framework\el\tx\cm4_gcc\libtx.a(txe_semaphore_create.o)
                0x000060e8                _txe_semaphore_create
 .text._txe_semaphore_get
                0x00006190       0x2c C:\Users\Lukas Ungerland\e2_studio\workspace\can_tool\synergy\ssp\src\framework\el\tx\cm4_gcc\libtx.a(txe_semaphore_get.o)
                0x00006190                _txe_semaphore_get
 .text._txe_semaphore_put
                0x000061bc       0x18 C:\Users\Lukas Ungerland\e2_studio\workspace\can_tool\synergy\ssp\src\framework\el\tx\cm4_gcc\libtx.a(txe_semaphore_put.o)
                0x000061bc                _txe_semaphore_put
 .text._txe_thread_create
                0x000061d4      0x144 C:\Users\Lukas Ungerland\e2_studio\workspace\can_tool\synergy\ssp\src\framework\el\tx\cm4_gcc\libtx.a(txe_thread_create.o)
                0x000061d4                _txe_thread_create
 .text._tx_event_flags_create
                0x00006318       0x50 C:\Users\Lukas Ungerland\e2_studio\workspace\can_tool\synergy\ssp\src\framework\el\tx\cm4_gcc\libtx.a(tx_event_flags_create.o)
                0x00006318                _tx_event_flags_create
 .text._tx_event_flags_delete
                0x00006368       0x9c C:\Users\Lukas Ungerland\e2_studio\workspace\can_tool\synergy\ssp\src\framework\el\tx\cm4_gcc\libtx.a(tx_event_flags_delete.o)
                0x00006368                _tx_event_flags_delete
 .text._tx_event_flags_get
                0x00006404       0xc8 C:\Users\Lukas Ungerland\e2_studio\workspace\can_tool\synergy\ssp\src\framework\el\tx\cm4_gcc\libtx.a(tx_event_flags_get.o)
                0x00006404                _tx_event_flags_get
 .text._tx_event_flags_set
                0x000064cc      0x208 C:\Users\Lukas Ungerland\e2_studio\workspace\can_tool\synergy\ssp\src\framework\el\tx\cm4_gcc\libtx.a(tx_event_flags_set.o)
                0x000064cc                _tx_event_flags_set
 .text._tx_initialize_high_level
                0x000066d4       0x90 C:\Users\Lukas Ungerland\e2_studio\workspace\can_tool\synergy\ssp\src\framework\el\tx\cm4_gcc\libtx.a(tx_initialize_high_level.o)
                0x000066d4                _tx_initialize_high_level
 .text._tx_initialize_kernel_enter
                0x00006764       0x3c C:\Users\Lukas Ungerland\e2_studio\workspace\can_tool\synergy\ssp\src\framework\el\tx\cm4_gcc\libtx.a(tx_initialize_kernel_enter.o)
                0x00006764                _tx_initialize_kernel_enter
 .text.tx_isr_end
                0x000067a0        0x4 C:\Users\Lukas Ungerland\e2_studio\workspace\can_tool\synergy\ssp\src\framework\el\tx\cm4_gcc\libtx.a(tx_isr_end.o)
                0x000067a0                tx_isr_end
 .text.tx_isr_start
                0x000067a4        0x4 C:\Users\Lukas Ungerland\e2_studio\workspace\can_tool\synergy\ssp\src\framework\el\tx\cm4_gcc\libtx.a(tx_isr_start.o)
                0x000067a4                tx_isr_start
 .text._tx_mutex_create
                0x000067a8       0x60 C:\Users\Lukas Ungerland\e2_studio\workspace\can_tool\synergy\ssp\src\framework\el\tx\cm4_gcc\libtx.a(tx_mutex_create.o)
                0x000067a8                _tx_mutex_create
 .text._tx_mutex_delete
                0x00006808       0xc0 C:\Users\Lukas Ungerland\e2_studio\workspace\can_tool\synergy\ssp\src\framework\el\tx\cm4_gcc\libtx.a(tx_mutex_delete.o)
                0x00006808                _tx_mutex_delete
 .text._tx_mutex_get
                0x000068c8       0xe4 C:\Users\Lukas Ungerland\e2_studio\workspace\can_tool\synergy\ssp\src\framework\el\tx\cm4_gcc\libtx.a(tx_mutex_get.o)
                0x000068c8                _tx_mutex_get
 .text._tx_mutex_priority_change
                0x000069ac       0xc4 C:\Users\Lukas Ungerland\e2_studio\workspace\can_tool\synergy\ssp\src\framework\el\tx\cm4_gcc\libtx.a(tx_mutex_priority_change.o)
                0x000069ac                _tx_mutex_priority_change
 .text._tx_mutex_put
                0x00006a70      0x210 C:\Users\Lukas Ungerland\e2_studio\workspace\can_tool\synergy\ssp\src\framework\el\tx\cm4_gcc\libtx.a(tx_mutex_put.o)
                0x00006a70                _tx_mutex_put
 .text._tx_queue_create
                0x00006c80       0x6c C:\Users\Lukas Ungerland\e2_studio\workspace\can_tool\synergy\ssp\src\framework\el\tx\cm4_gcc\libtx.a(tx_queue_create.o)
                0x00006c80                _tx_queue_create
 .text._tx_queue_delete
                0x00006cec       0x9c C:\Users\Lukas Ungerland\e2_studio\workspace\can_tool\synergy\ssp\src\framework\el\tx\cm4_gcc\libtx.a(tx_queue_delete.o)
                0x00006cec                _tx_queue_delete
 .text._tx_queue_receive
                0x00006d88      0x1d8 C:\Users\Lukas Ungerland\e2_studio\workspace\can_tool\synergy\ssp\src\framework\el\tx\cm4_gcc\libtx.a(tx_queue_receive.o)
                0x00006d88                _tx_queue_receive
 .text._tx_queue_send
                0x00006f60      0x114 C:\Users\Lukas Ungerland\e2_studio\workspace\can_tool\synergy\ssp\src\framework\el\tx\cm4_gcc\libtx.a(tx_queue_send.o)
                0x00006f60                _tx_queue_send
 .text._tx_semaphore_create
                0x00007074       0x54 C:\Users\Lukas Ungerland\e2_studio\workspace\can_tool\synergy\ssp\src\framework\el\tx\cm4_gcc\libtx.a(tx_semaphore_create.o)
                0x00007074                _tx_semaphore_create
 .text._tx_semaphore_get
                0x000070c8       0x7c C:\Users\Lukas Ungerland\e2_studio\workspace\can_tool\synergy\ssp\src\framework\el\tx\cm4_gcc\libtx.a(tx_semaphore_get.o)
                0x000070c8                _tx_semaphore_get
 .text._tx_semaphore_put
                0x00007144       0x54 C:\Users\Lukas Ungerland\e2_studio\workspace\can_tool\synergy\ssp\src\framework\el\tx\cm4_gcc\libtx.a(tx_semaphore_put.o)
                0x00007144                _tx_semaphore_put
 .text._tx_thread_create
                0x00007198      0x108 C:\Users\Lukas Ungerland\e2_studio\workspace\can_tool\synergy\ssp\src\framework\el\tx\cm4_gcc\libtx.a(tx_thread_create.o)
                0x00007198                _tx_thread_create
 .text._tx_thread_initialize
                0x000072a0       0x68 C:\Users\Lukas Ungerland\e2_studio\workspace\can_tool\synergy\ssp\src\framework\el\tx\cm4_gcc\libtx.a(tx_thread_initialize.o)
                0x000072a0                _tx_thread_initialize
 .text._tx_thread_shell_entry
                0x00007308       0x48 C:\Users\Lukas Ungerland\e2_studio\workspace\can_tool\synergy\ssp\src\framework\el\tx\cm4_gcc\libtx.a(tx_thread_shell_entry.o)
                0x00007308                _tx_thread_shell_entry
 .text._tx_thread_sleep
                0x00007350       0x5c C:\Users\Lukas Ungerland\e2_studio\workspace\can_tool\synergy\ssp\src\framework\el\tx\cm4_gcc\libtx.a(tx_thread_sleep.o)
                0x00007350                _tx_thread_sleep
 .text._tx_thread_system_preempt_check
                0x000073ac       0x3c C:\Users\Lukas Ungerland\e2_studio\workspace\can_tool\synergy\ssp\src\framework\el\tx\cm4_gcc\libtx.a(tx_thread_system_preempt_check.o)
                0x000073ac                _tx_thread_system_preempt_check
 .text._tx_thread_system_resume
                0x000073e8       0xec C:\Users\Lukas Ungerland\e2_studio\workspace\can_tool\synergy\ssp\src\framework\el\tx\cm4_gcc\libtx.a(tx_thread_system_resume.o)
                0x000073e8                _tx_thread_system_resume
 .text._tx_thread_system_suspend
                0x000074d4      0x110 C:\Users\Lukas Ungerland\e2_studio\workspace\can_tool\synergy\ssp\src\framework\el\tx\cm4_gcc\libtx.a(tx_thread_system_suspend.o)
                0x000074d4                _tx_thread_system_suspend
 .text._tx_thread_timeout
                0x000075e4       0x2c C:\Users\Lukas Ungerland\e2_studio\workspace\can_tool\synergy\ssp\src\framework\el\tx\cm4_gcc\libtx.a(tx_thread_timeout.o)
                0x000075e4                _tx_thread_timeout
 .text._tx_timer_initialize
                0x00007610       0x70 C:\Users\Lukas Ungerland\e2_studio\workspace\can_tool\synergy\ssp\src\framework\el\tx\cm4_gcc\libtx.a(tx_timer_initialize.o)
                0x00007610                _tx_timer_initialize
 .text._tx_timer_system_activate
                0x00007680       0x74 C:\Users\Lukas Ungerland\e2_studio\workspace\can_tool\synergy\ssp\src\framework\el\tx\cm4_gcc\libtx.a(tx_timer_system_activate.o)
                0x00007680                _tx_timer_system_activate
 .text._tx_timer_system_deactivate
                0x000076f4       0x3c C:\Users\Lukas Ungerland\e2_studio\workspace\can_tool\synergy\ssp\src\framework\el\tx\cm4_gcc\libtx.a(tx_timer_system_deactivate.o)
                0x000076f4                _tx_timer_system_deactivate
 .text._tx_initialize_low_level
                0x00007730       0x80 C:\Users\Lukas Ungerland\e2_studio\workspace\can_tool\synergy\ssp\src\framework\el\tx\cm4_gcc\libtx.a(tx_initialize_low_level.o)
                0x00007730                _tx_initialize_low_level
 .text._tx_thread_schedule
                0x000077b0       0x60 C:\Users\Lukas Ungerland\e2_studio\workspace\can_tool\synergy\ssp\src\framework\el\tx\cm4_gcc\libtx.a(tx_thread_schedule.o)
                0x000077b0                _tx_thread_schedule
 .text.PendSV_Handler
                0x00007810      0x154 C:\Users\Lukas Ungerland\e2_studio\workspace\can_tool\synergy\ssp\src\framework\el\tx\cm4_gcc\libtx.a(tx_thread_schedule.o)
                0x00007810                PendSV_Handler
 .text.SysTick_Handler
                0x00007964        0x4 C:\Users\Lukas Ungerland\e2_studio\workspace\can_tool\synergy\ssp\src\framework\el\tx\cm4_gcc\libtx.a(tx_thread_schedule.o)
                0x00007964                SysTick_Handler
 .text._tx_thread_stack_build
                0x00007968       0x48 C:\Users\Lukas Ungerland\e2_studio\workspace\can_tool\synergy\ssp\src\framework\el\tx\cm4_gcc\libtx.a(tx_thread_stack_build.o)
                0x00007968                _tx_thread_stack_build
 .text._tx_timer_interrupt
                0x000079b0       0xd4 C:\Users\Lukas Ungerland\e2_studio\workspace\can_tool\synergy\ssp\src\framework\el\tx\cm4_gcc\libtx.a(tx_timer_interrupt.o)
                0x000079b0                _tx_timer_interrupt
 .text._tx_event_flags_cleanup
                0x00007a84       0x6c C:\Users\Lukas Ungerland\e2_studio\workspace\can_tool\synergy\ssp\src\framework\el\tx\cm4_gcc\libtx.a(tx_event_flags_cleanup.o)
                0x00007a84                _tx_event_flags_cleanup
 .text._tx_mutex_cleanup
                0x00007af0       0x6c C:\Users\Lukas Ungerland\e2_studio\workspace\can_tool\synergy\ssp\src\framework\el\tx\cm4_gcc\libtx.a(tx_mutex_cleanup.o)
                0x00007af0                _tx_mutex_cleanup
 .text._tx_mutex_thread_release
                0x00007b5c       0x44 C:\Users\Lukas Ungerland\e2_studio\workspace\can_tool\synergy\ssp\src\framework\el\tx\cm4_gcc\libtx.a(tx_mutex_cleanup.o)
                0x00007b5c                _tx_mutex_thread_release
 .text._tx_mutex_prioritize
                0x00007ba0       0xa8 C:\Users\Lukas Ungerland\e2_studio\workspace\can_tool\synergy\ssp\src\framework\el\tx\cm4_gcc\libtx.a(tx_mutex_prioritize.o)
                0x00007ba0                _tx_mutex_prioritize
 .text._tx_queue_cleanup
                0x00007c48       0x78 C:\Users\Lukas Ungerland\e2_studio\workspace\can_tool\synergy\ssp\src\framework\el\tx\cm4_gcc\libtx.a(tx_queue_cleanup.o)
                0x00007c48                _tx_queue_cleanup
 .text._tx_semaphore_cleanup
                0x00007cc0       0x6c C:\Users\Lukas Ungerland\e2_studio\workspace\can_tool\synergy\ssp\src\framework\el\tx\cm4_gcc\libtx.a(tx_semaphore_cleanup.o)
                0x00007cc0                _tx_semaphore_cleanup
 .text._tx_thread_time_slice
                0x00007d2c       0x74 C:\Users\Lukas Ungerland\e2_studio\workspace\can_tool\synergy\ssp\src\framework\el\tx\cm4_gcc\libtx.a(tx_thread_time_slice.o)
                0x00007d2c                _tx_thread_time_slice
 .text._tx_timer_expiration_process
                0x00007da0      0x114 C:\Users\Lukas Ungerland\e2_studio\workspace\can_tool\synergy\ssp\src\framework\el\tx\cm4_gcc\libtx.a(tx_timer_expiration_process.o)
                0x00007da0                _tx_timer_expiration_process
 .text          0x00007eb4       0x38 c:/program files (x86)/gnu tools arm embedded/4.9 2015q3/bin/../lib/gcc/arm-none-eabi/4.9.3/armv7e-m/fpu\libgcc.a(_aeabi_ldivmod.o)
                0x00007eb4                __aeabi_ldivmod
 .text          0x00007eec       0x60 c:/program files (x86)/gnu tools arm embedded/4.9 2015q3/bin/../lib/gcc/arm-none-eabi/4.9.3/armv7e-m/fpu\libgcc.a(bpabi.o)
                0x00007eec                __gnu_ldivmod_helper
                0x00007f1c                __gnu_uldivmod_helper
 .text          0x00007f4c        0x4 c:/program files (x86)/gnu tools arm embedded/4.9 2015q3/bin/../lib/gcc/arm-none-eabi/4.9.3/armv7e-m/fpu\libgcc.a(_dvmd_tls.o)
                0x00007f4c                __aeabi_idiv0
                0x00007f4c                __aeabi_ldiv0
 .text          0x00007f50      0x29c c:/program files (x86)/gnu tools arm embedded/4.9 2015q3/bin/../lib/gcc/arm-none-eabi/4.9.3/armv7e-m/fpu\libgcc.a(_divdi3.o)
                0x00007f50                __divdi3
 .text          0x000081ec      0x26c c:/program files (x86)/gnu tools arm embedded/4.9 2015q3/bin/../lib/gcc/arm-none-eabi/4.9.3/armv7e-m/fpu\libgcc.a(_udivdi3.o)
                0x000081ec                __udivdi3
 .text.__errno  0x00008458        0xc c:/program files (x86)/gnu tools arm embedded/4.9 2015q3/bin/../lib/gcc/arm-none-eabi/4.9.3/../../../../arm-none-eabi/lib/armv7e-m/fpu\libg_nano.a(lib_a-errno.o)
                0x00008458                __errno
 .text.memset   0x00008464       0x10 c:/program files (x86)/gnu tools arm embedded/4.9 2015q3/bin/../lib/gcc/arm-none-eabi/4.9.3/../../../../arm-none-eabi/lib/armv7e-m/fpu\libg_nano.a(lib_a-memset.o)
                0x00008464                memset
 .text.sprintf  0x00008474       0x48 c:/program files (x86)/gnu tools arm embedded/4.9 2015q3/bin/../lib/gcc/arm-none-eabi/4.9.3/../../../../arm-none-eabi/lib/armv7e-m/fpu\libg_nano.a(lib_a-sprintf.o)
                0x00008474                siprintf
                0x00008474                sprintf
 .text._strtol_r
                0x000084bc      0x10c c:/program files (x86)/gnu tools arm embedded/4.9 2015q3/bin/../lib/gcc/arm-none-eabi/4.9.3/../../../../arm-none-eabi/lib/armv7e-m/fpu\libg_nano.a(lib_a-strtol.o)
                0x000084bc                _strtol_r
 .text.strtol   0x000085c8       0x1c c:/program files (x86)/gnu tools arm embedded/4.9 2015q3/bin/../lib/gcc/arm-none-eabi/4.9.3/../../../../arm-none-eabi/lib/armv7e-m/fpu\libg_nano.a(lib_a-strtol.o)
                0x000085c8                strtol
 .text.__ssputs_r
                0x000085e4       0xb2 c:/program files (x86)/gnu tools arm embedded/4.9 2015q3/bin/../lib/gcc/arm-none-eabi/4.9.3/../../../../arm-none-eabi/lib/armv7e-m/fpu\libg_nano.a(lib_a-nano-svfprintf.o)
                0x000085e4                __ssputs_r
 *fill*         0x00008696        0x2 ff
 .text._svfprintf_r
                0x00008698      0x1e4 c:/program files (x86)/gnu tools arm embedded/4.9 2015q3/bin/../lib/gcc/arm-none-eabi/4.9.3/../../../../arm-none-eabi/lib/armv7e-m/fpu\libg_nano.a(lib_a-nano-svfprintf.o)
                0x00008698                _svfiprintf_r
                0x00008698                _svfprintf_r
 .text._printf_common
                0x0000887c       0xea c:/program files (x86)/gnu tools arm embedded/4.9 2015q3/bin/../lib/gcc/arm-none-eabi/4.9.3/../../../../arm-none-eabi/lib/armv7e-m/fpu\libg_nano.a(lib_a-nano-vfprintf_i.o)
                0x0000887c                _printf_common
 *fill*         0x00008966        0x2 ff
 .text._printf_i
                0x00008968      0x240 c:/program files (x86)/gnu tools arm embedded/4.9 2015q3/bin/../lib/gcc/arm-none-eabi/4.9.3/../../../../arm-none-eabi/lib/armv7e-m/fpu\libg_nano.a(lib_a-nano-vfprintf_i.o)
                0x00008968                _printf_i
 .text.memchr   0x00008ba8       0x1e c:/program files (x86)/gnu tools arm embedded/4.9 2015q3/bin/../lib/gcc/arm-none-eabi/4.9.3/../../../../arm-none-eabi/lib/armv7e-m/fpu\libg_nano.a(lib_a-memchr.o)
                0x00008ba8                memchr
 .text.memcpy   0x00008bc6       0x16 c:/program files (x86)/gnu tools arm embedded/4.9 2015q3/bin/../lib/gcc/arm-none-eabi/4.9.3/../../../../arm-none-eabi/lib/armv7e-m/fpu\libg_nano.a(lib_a-memcpy.o)
                0x00008bc6                memcpy
 .text.memmove  0x00008bdc       0x36 c:/program files (x86)/gnu tools arm embedded/4.9 2015q3/bin/../lib/gcc/arm-none-eabi/4.9.3/../../../../arm-none-eabi/lib/armv7e-m/fpu\libg_nano.a(lib_a-memmove.o)
                0x00008bdc                memmove
 *fill*         0x00008c12        0x2 ff
 .text._free_r  0x00008c14       0x88 c:/program files (x86)/gnu tools arm embedded/4.9 2015q3/bin/../lib/gcc/arm-none-eabi/4.9.3/../../../../arm-none-eabi/lib/armv7e-m/fpu\libg_nano.a(lib_a-nano-freer.o)
                0x00008c14                _free_r
 .text._malloc_r
                0x00008c9c       0xac c:/program files (x86)/gnu tools arm embedded/4.9 2015q3/bin/../lib/gcc/arm-none-eabi/4.9.3/../../../../arm-none-eabi/lib/armv7e-m/fpu\libg_nano.a(lib_a-nano-mallocr.o)
                0x00008c9c                _malloc_r
 .text._realloc_r
                0x00008d48       0x4c c:/program files (x86)/gnu tools arm embedded/4.9 2015q3/bin/../lib/gcc/arm-none-eabi/4.9.3/../../../../arm-none-eabi/lib/armv7e-m/fpu\libg_nano.a(lib_a-nano-reallocr.o)
                0x00008d48                _realloc_r
 .text._sbrk_r  0x00008d94       0x20 c:/program files (x86)/gnu tools arm embedded/4.9 2015q3/bin/../lib/gcc/arm-none-eabi/4.9.3/../../../../arm-none-eabi/lib/armv7e-m/fpu\libg_nano.a(lib_a-sbrkr.o)
                0x00008d94                _sbrk_r
 .text._malloc_usable_size_r
                0x00008db4       0x14 c:/program files (x86)/gnu tools arm embedded/4.9 2015q3/bin/../lib/gcc/arm-none-eabi/4.9.3/../../../../arm-none-eabi/lib/armv7e-m/fpu\libg_nano.a(lib_a-nano-msizer.o)
                0x00008db4                _malloc_usable_size_r
 *(.version)
 .version       0x00008dc8       0x60 ./synergy/ssp/src/bsp/mcu/all/bsp_common.o
 *(.init)
 .init          0x00008e28        0x4 c:/program files (x86)/gnu tools arm embedded/4.9 2015q3/bin/../lib/gcc/arm-none-eabi/4.9.3/armv7e-m/fpu/crti.o
                0x00008e28                _init
 .init          0x00008e2c        0x8 c:/program files (x86)/gnu tools arm embedded/4.9 2015q3/bin/../lib/gcc/arm-none-eabi/4.9.3/armv7e-m/fpu/crtn.o
 *(.fini)
 .fini          0x00008e34        0x4 c:/program files (x86)/gnu tools arm embedded/4.9 2015q3/bin/../lib/gcc/arm-none-eabi/4.9.3/armv7e-m/fpu/crti.o
                0x00008e34                _fini
 .fini          0x00008e38        0x8 c:/program files (x86)/gnu tools arm embedded/4.9 2015q3/bin/../lib/gcc/arm-none-eabi/4.9.3/armv7e-m/fpu/crtn.o
 *crtbegin.o(.ctors)
 *crtbegin?.o(.ctors)
 *(EXCLUDE_FILE(*crtend.o *crtend?.o) .ctors)
 *(SORT(.ctors.*))
 *(.ctors)
 *crtbegin.o(.dtors)
 *crtbegin?.o(.dtors)
 *(EXCLUDE_FILE(*crtend.o *crtend?.o) .dtors)
 *(SORT(.dtors.*))
 *(.dtors)
 *(.rodata*)
 .rodata.g_sf_comms_on_sf_uart_comms
                0x00008e40       0x1c ./synergy/ssp/src/framework/sf_uart_comms/sf_uart_comms.o
                0x00008e40                g_sf_comms_on_sf_uart_comms
 .rodata.str1.4
                0x00008e5c       0x16 ./synergy/ssp/src/framework/sf_uart_comms/sf_uart_comms.o
 *fill*         0x00008e72        0x2 ff
 .rodata.module_version
                0x00008e74        0x4 ./synergy/ssp/src/framework/sf_uart_comms/sf_uart_comms.o
 .rodata.async_baud
                0x00008e78       0x4e ./synergy/ssp/src/driver/r_sci_uart/r_sci_uart.o
 *fill*         0x00008ec6        0x2 ff
 .rodata.g_sci_uart_fifo_depth
                0x00008ec8        0x4 ./synergy/ssp/src/driver/r_sci_uart/r_sci_uart.o
 .rodata.g_uart_on_sci
                0x00008ecc       0x1c ./synergy/ssp/src/driver/r_sci_uart/r_sci_uart.o
                0x00008ecc                g_uart_on_sci
 .rodata.g_ioport_on_ioport
                0x00008ee8       0x3c ./synergy/ssp/src/driver/r_ioport/r_ioport.o
                0x00008ee8                g_ioport_on_ioport
 .rodata.g_vbatt_pins_input
                0x00008f24        0x6 ./synergy/ssp/src/driver/r_ioport/r_ioport.o
 *fill*         0x00008f2a        0x2 ff
 .rodata.bit_count_mask
                0x00008f2c        0x8 ./synergy/ssp/src/driver/r_fmi/r_fmi.o
 .rodata.bit_count
                0x00008f34       0x80 ./synergy/ssp/src/driver/r_fmi/r_fmi.o
 .rodata.g_fmi_on_fmi
                0x00008fb4       0x18 ./synergy/ssp/src/driver/r_fmi/r_fmi.o
                0x00008fb4                g_fmi_on_fmi
 .rodata.g_fmi_version
                0x00008fcc        0x4 ./synergy/ssp/src/driver/r_fmi/r_fmi.o
 .rodata.g_elc_on_elc
                0x00008fd0       0x1c ./synergy/ssp/src/driver/r_elc/r_elc.o
                0x00008fd0                g_elc_on_elc
 .rodata.s_elc_version
                0x00008fec        0x4 ./synergy/ssp/src/driver/r_elc/r_elc.o
 .rodata.g_transfer_on_dtc
                0x00008ff0       0x28 ./synergy/ssp/src/driver/r_dtc/r_dtc.o
                0x00008ff0                g_transfer_on_dtc
 .rodata.g_dtc_version
                0x00009018        0x4 ./synergy/ssp/src/driver/r_dtc/r_dtc.o
 .rodata.g_pllccr2_div_value
                0x0000901c        0x6 ./synergy/ssp/src/driver/r_cgc/hw/hw_cgc.o
 *fill*         0x00009022        0x2 ff
 .rodata.g_pllccr_div_value
                0x00009024        0x6 ./synergy/ssp/src/driver/r_cgc/hw/hw_cgc.o
 *fill*         0x0000902a        0x2 ff
 .rodata.g_pllccr_div_setting
                0x0000902c        0x6 ./synergy/ssp/src/driver/r_cgc/hw/hw_cgc.o
 *fill*         0x00009032        0x2 ff
 .rodata.g_pllccr2_div_setting
                0x00009034        0x8 ./synergy/ssp/src/driver/r_cgc/hw/hw_cgc.o
 .rodata.g_cgc_on_cgc
                0x0000903c       0x60 ./synergy/ssp/src/driver/r_cgc/r_cgc.o
                0x0000903c                g_cgc_on_cgc
 .rodata.g_lcd_clock_settings
                0x0000909c        0x6 ./synergy/ssp/src/driver/r_cgc/r_cgc.o
 *fill*         0x000090a2        0x2 ff
 .rodata.g_cgc_version
                0x000090a4        0x4 ./synergy/ssp/src/driver/r_cgc/r_cgc.o
 .rodata.g_can_on_can
                0x000090a8       0x1c ./synergy/ssp/src/driver/r_can/r_can.o
                0x000090a8                g_can_on_can
 .rodata.g_can_version
                0x000090c4        0x4 ./synergy/ssp/src/driver/r_can/r_can.o
 .rodata.g_cgc_feature
                0x000090c8       0x2c ./synergy/ssp/src/bsp/mcu/s7g2/bsp_feature.o
 .rodata.g_fmi_data
                0x000090f4      0x400 ./synergy/ssp/src/bsp/mcu/s7g2/bsp_fmi_R7FS7G27H3A01CFC.o
                0x000090f4                g_fmi_data
 .rodata.gp_mstp
                0x000094f4       0x10 ./synergy/ssp/src/bsp/mcu/s7g2/bsp_module_stop.o
 .rodata.g_bsp_module_stop
                0x00009504       0x46 ./synergy/ssp/src/bsp/mcu/s7g2/bsp_module_stop.o
 *fill*         0x0000954a        0x2 ff
 .rodata.gp_vector_information
                0x0000954c        0x4 ./synergy/ssp/src/bsp/mcu/all/bsp_irq.o
                0x0000954c                gp_vector_information
 .rodata.g_prcr_masks
                0x00009550        0x6 ./synergy/ssp/src/bsp/mcu/all/bsp_register_protection.o
 *fill*         0x00009556        0x2 ff
 .rodata.g_elc_cfg
                0x00009558        0xc ./synergy/ssp/src/bsp/cmsis/Device/RENESAS/S7G2/Source/system_S7G2.o
 .rodata.g_can0
                0x00009564        0xc ./src/synergy_gen/can_transmitter.o
                0x00009564                g_can0
 .rodata.str1.4
                0x00009570       0x2c ./src/synergy_gen/can_transmitter.o
 .rodata.g_can0_extended_cfg
                0x0000959c        0x8 ./src/synergy_gen/can_transmitter.o
 .rodata.g_can0_cfg
                0x000095a4       0x28 ./src/synergy_gen/can_transmitter.o
 .rodata.str1.4
                0x000095cc       0x14 ./src/synergy_gen/main.o
 .rodata.g_bsp_pin_cfg
                0x000095e0        0x8 ./src/synergy_gen/pin_data.o
                0x000095e0                g_bsp_pin_cfg
 .rodata.g_bsp_pin_cfg_data
                0x000095e8      0x378 ./src/synergy_gen/pin_data.o
                0x000095e8                g_bsp_pin_cfg_data
 .rodata.g_sf_comms0_cfg_extend
                0x00009960        0x4 ./src/synergy_gen/uart_receiver.o
 .rodata.g_sf_comms0
                0x00009964        0xc ./src/synergy_gen/uart_receiver.o
                0x00009964                g_sf_comms0
 .rodata.g_uart0
                0x00009970        0xc ./src/synergy_gen/uart_receiver.o